Component: ARM Compiler 5.06 update 6 (build 750) Tool: armlink [4d35ed]

==============================================================================

Section Cross References

    startup_stm32f407xx.o(RESET) refers to startup_stm32f407xx.o(STACK) for __initial_sp
    startup_stm32f407xx.o(RESET) refers to startup_stm32f407xx.o(.text) for Reset_Handler
    startup_stm32f407xx.o(RESET) refers to stm32f4xx_it.o(i.NMI_Handler) for NMI_Handler
    startup_stm32f407xx.o(RESET) refers to stm32f4xx_it.o(i.HardFault_Handler) for HardFault_Handler
    startup_stm32f407xx.o(RESET) refers to stm32f4xx_it.o(i.MemManage_Handler) for MemManage_Handler
    startup_stm32f407xx.o(RESET) refers to stm32f4xx_it.o(i.BusFault_Handler) for BusFault_Handler
    startup_stm32f407xx.o(RESET) refers to stm32f4xx_it.o(i.UsageFault_Handler) for UsageFault_Handler
    startup_stm32f407xx.o(RESET) refers to stm32f4xx_it.o(i.SVC_Handler) for SVC_Handler
    startup_stm32f407xx.o(RESET) refers to stm32f4xx_it.o(i.DebugMon_Handler) for DebugMon_Handler
    startup_stm32f407xx.o(RESET) refers to stm32f4xx_it.o(i.PendSV_Handler) for PendSV_Handler
    startup_stm32f407xx.o(RESET) refers to stm32f4xx_it.o(i.SysTick_Handler) for SysTick_Handler
    startup_stm32f407xx.o(RESET) refers to stm32f4xx_it.o(i.EXTI9_5_IRQHandler) for EXTI9_5_IRQHandler
    startup_stm32f407xx.o(RESET) refers to stm32f4xx_it.o(i.TIM3_IRQHandler) for TIM3_IRQHandler
    startup_stm32f407xx.o(RESET) refers to stm32f4xx_it.o(i.TIM4_IRQHandler) for TIM4_IRQHandler
    startup_stm32f407xx.o(RESET) refers to stm32f4xx_it.o(i.I2C1_EV_IRQHandler) for I2C1_EV_IRQHandler
    startup_stm32f407xx.o(RESET) refers to stm32f4xx_it.o(i.I2C1_ER_IRQHandler) for I2C1_ER_IRQHandler
    startup_stm32f407xx.o(RESET) refers to stm32f4xx_it.o(i.USART1_IRQHandler) for USART1_IRQHandler
    startup_stm32f407xx.o(RESET) refers to stm32f4xx_it.o(i.TIM5_IRQHandler) for TIM5_IRQHandler
    startup_stm32f407xx.o(RESET) refers to stm32f4xx_it.o(i.DMA2_Stream7_IRQHandler) for DMA2_Stream7_IRQHandler
    startup_stm32f407xx.o(.text) refers to system_stm32f4xx.o(i.SystemInit) for SystemInit
    startup_stm32f407xx.o(.text) refers to entry.o(.ARM.Collect$$$$00000000) for __main
    main.o(i.HAL_GPIO_EXTI_Callback) refers to ad1292.o(i.PA8_IRQHandler) for PA8_IRQHandler
    main.o(i.HAL_TIM_PeriodElapsedCallback) refers to mpu6050.o(i.MPU_Get_Accelerometer) for MPU_Get_Accelerometer
    main.o(i.HAL_TIM_PeriodElapsedCallback) refers to dflti.o(.text) for __aeabi_i2d
    main.o(i.HAL_TIM_PeriodElapsedCallback) refers to dmul.o(.text) for __aeabi_dmul
    main.o(i.HAL_TIM_PeriodElapsedCallback) refers to d2f.o(.text) for __aeabi_d2f
    main.o(i.HAL_TIM_PeriodElapsedCallback) refers to f2d.o(.text) for __aeabi_f2d
    main.o(i.HAL_TIM_PeriodElapsedCallback) refers to sqrt_full.o(i.__hardfp_sqrt) for __hardfp_sqrt
    main.o(i.HAL_TIM_PeriodElapsedCallback) refers to stm32f4xx_hal_uart.o(i.HAL_UART_Transmit) for HAL_UART_Transmit
    main.o(i.HAL_TIM_PeriodElapsedCallback) refers to delay.o(i.delay_us) for delay_us
    main.o(i.HAL_TIM_PeriodElapsedCallback) refers to ad7606.o(i.ad7606_IRQSrc) for ad7606_IRQSrc
    main.o(i.HAL_TIM_PeriodElapsedCallback) refers to printfa.o(i.__0printf) for __2printf
    main.o(i.HAL_TIM_PeriodElapsedCallback) refers to usart_hmi.o(i.send_ending_flag) for send_ending_flag
    main.o(i.HAL_TIM_PeriodElapsedCallback) refers to tim.o(.bss) for htim3
    main.o(i.HAL_TIM_PeriodElapsedCallback) refers to main.o(.data) for .data
    main.o(i.HAL_TIM_PeriodElapsedCallback) refers to main.o(.bss) for .bss
    main.o(i.HAL_TIM_PeriodElapsedCallback) refers to ad7606.o(.bss) for g_tAD
    main.o(i.HAL_TIM_PeriodElapsedCallback) refers to usart.o(.bss) for huart1
    main.o(i.SystemClock_Config) refers to memseta.o(.text) for __aeabi_memclr4
    main.o(i.SystemClock_Config) refers to stm32f4xx_hal_rcc.o(i.HAL_RCC_OscConfig) for HAL_RCC_OscConfig
    main.o(i.SystemClock_Config) refers to stm32f4xx_hal_rcc.o(i.HAL_RCC_ClockConfig) for HAL_RCC_ClockConfig
    main.o(i.main) refers to stm32f4xx_hal.o(i.HAL_Init) for HAL_Init
    main.o(i.main) refers to main.o(i.SystemClock_Config) for SystemClock_Config
    main.o(i.main) refers to gpio.o(i.MX_GPIO_Init) for MX_GPIO_Init
    main.o(i.main) refers to dma.o(i.MX_DMA_Init) for MX_DMA_Init
    main.o(i.main) refers to spi.o(i.MX_SPI2_Init) for MX_SPI2_Init
    main.o(i.main) refers to tim.o(i.MX_TIM3_Init) for MX_TIM3_Init
    main.o(i.main) refers to tim.o(i.MX_TIM5_Init) for MX_TIM5_Init
    main.o(i.main) refers to i2c.o(i.MX_I2C1_Init) for MX_I2C1_Init
    main.o(i.main) refers to usart.o(i.MX_USART1_UART_Init) for MX_USART1_UART_Init
    main.o(i.main) refers to ad7606.o(i.ad7606_init) for ad7606_init
    main.o(i.main) refers to ad7606.o(i.ad7606_StartRecord) for ad7606_StartRecord
    main.o(i.main) refers to ad1292.o(i.ADS1292_Init) for ADS1292_Init
    main.o(i.main) refers to stm32f4xx_hal.o(i.HAL_Delay) for HAL_Delay
[...]
    i.I2C_WaitOnBTFFlagUntilTimeout          0x080040a8   Section        0  stm32f4xx_hal_i2c.o(i.I2C_WaitOnBTFFlagUntilTimeout)
    I2C_WaitOnBTFFlagUntilTimeout            0x080040a9   Thumb Code    76  stm32f4xx_hal_i2c.o(i.I2C_WaitOnBTFFlagUntilTimeout)
    i.I2C_WaitOnFlagUntilTimeout             0x080040f4   Section        0  stm32f4xx_hal_i2c.o(i.I2C_WaitOnFlagUntilTimeout)
    I2C_WaitOnFlagUntilTimeout               0x080040f5   Thumb Code   104  stm32f4xx_hal_i2c.o(i.I2C_WaitOnFlagUntilTimeout)
    i.I2C_WaitOnMasterAddressFlagUntilTimeout 0x0800415c   Section        0  stm32f4xx_hal_i2c.o(i.I2C_WaitOnMasterAddressFlagUntilTimeout)
    I2C_WaitOnMasterAddressFlagUntilTimeout  0x0800415d   Thumb Code   150  stm32f4xx_hal_i2c.o(i.I2C_WaitOnMasterAddressFlagUntilTimeout)
    i.I2C_WaitOnRXNEFlagUntilTimeout         0x080041f2   Section        0  stm32f4xx_hal_i2c.o(i.I2C_WaitOnRXNEFlagUntilTimeout)
    I2C_WaitOnRXNEFlagUntilTimeout           0x080041f3   Thumb Code   102  stm32f4xx_hal_i2c.o(i.I2C_WaitOnRXNEFlagUntilTimeout)
    i.I2C_WaitOnTXEFlagUntilTimeout          0x08004258   Section        0  stm32f4xx_hal_i2c.o(i.I2C_WaitOnTXEFlagUntilTimeout)
    I2C_WaitOnTXEFlagUntilTimeout            0x08004259   Thumb Code    76  stm32f4xx_hal_i2c.o(i.I2C_WaitOnTXEFlagUntilTimeout)
    i.MPU_Get_Accelerometer                  0x080042a4   Section        0  mpu6050.o(i.MPU_Get_Accelerometer)
    i.MPU_Init                               0x080042d4   Section        0  mpu6050.o(i.MPU_Init)
    i.MPU_Read_Byte                          0x0800434c   Section        0  mpu6050.o(i.MPU_Read_Byte)
    i.MPU_Read_Len                           0x08004378   Section        0  mpu6050.o(i.MPU_Read_Len)
    i.MPU_Set_Accel_Fsr                      0x08004398   Section        0  mpu6050.o(i.MPU_Set_Accel_Fsr)
    i.MPU_Set_Gyro_Fsr                       0x080043a2   Section        0  mpu6050.o(i.MPU_Set_Gyro_Fsr)
    i.MPU_Set_LPF                            0x080043ac   Section        0  mpu6050.o(i.MPU_Set_LPF)
    i.MPU_Set_Rate                           0x080043dc   Section        0  mpu6050.o(i.MPU_Set_Rate)
    i.MPU_Write_Byte                         0x0800440c   Section        0  mpu6050.o(i.MPU_Write_Byte)
    i.MX_DMA_Init                            0x0800443c   Section        0  dma.o(i.MX_DMA_Init)
    i.MX_GPIO_Init                           0x08004468   Section        0  gpio.o(i.MX_GPIO_Init)
    i.MX_I2C1_Init                           0x080045c8   Section        0  i2c.o(i.MX_I2C1_Init)
    i.MX_SPI2_Init                           0x08004608   Section        0  spi.o(i.MX_SPI2_Init)
    i.MX_TIM3_Init                           0x08004650   Section        0  tim.o(i.MX_TIM3_Init)
    i.MX_TIM4_Init                           0x080046bc   Section        0  tim.o(i.MX_TIM4_Init)
    i.MX_TIM5_Init                           0x08004750   Section        0  tim.o(i.MX_TIM5_Init)
    i.MX_USART1_UART_Init                    0x080047b8   Section        0  usart.o(i.MX_USART1_UART_Init)
    i.MemManage_Handler                      0x080047f0   Section        0  stm32f4xx_it.o(i.MemManage_Handler)
    i.NMI_Handler                            0x080047f2   Section        0  stm32f4xx_it.o(i.NMI_Handler)
    i.PA8_IRQHandler                         0x080047f4   Section        0  ad1292.o(i.PA8_IRQHandler)
    i.PendSV_Handler                         0x08004814   Section        0  stm32f4xx_it.o(i.PendSV_Handler)
    i.SPI2_ReadWriteByte                     0x08004818   Section        0  ad1292.o(i.SPI2_ReadWriteByte)
    i.SPI_EndRxTxTransaction                 0x08004838   Section        0  stm32f4xx_hal_spi.o(i.SPI_EndRxTxTransaction)
    SPI_EndRxTxTransaction                   0x08004839   Thumb Code    80  stm32f4xx_hal_spi.o(i.SPI_EndRxTxTransaction)
    i.SPI_ReceiveData                        0x08004890   Section        0  ad7606.o(i.SPI_ReceiveData)
    i.SPI_WaitFlagStateUntilTimeout          0x080048cc   Section        0  stm32f4xx_hal_spi.o(i.SPI_WaitFlagStateUntilTimeout)
    SPI_WaitFlagStateUntilTimeout            0x080048cd   Thumb Code   148  stm32f4xx_hal_spi.o(i.SPI_WaitFlagStateUntilTimeout)
    i.SVC_Handler                            0x08004960   Section        0  stm32f4xx_it.o(i.SVC_Handler)
    i.Set_ADS1292_Collect                    0x08004962   Section        0  ad1292.o(i.Set_ADS1292_Collect)
    i.SysTick_Handler                        0x080049ac   Section        0  stm32f4xx_it.o(i.SysTick_Handler)
    i.SystemClock_Config                     0x080049b0   Section        0  main.o(i.SystemClock_Config)
    i.SystemInit                             0x08004a34   Section        0  system_stm32f4xx.o(i.SystemInit)
    i.TIM3_IRQHandler                        0x08004a50   Section        0  stm32f4xx_it.o(i.TIM3_IRQHandler)
    i.TIM4_IRQHandler                        0x08004a5c   Section        0  stm32f4xx_it.o(i.TIM4_IRQHandler)
    i.TIM5_IRQHandler                        0x08004a68   Section        0  stm32f4xx_it.o(i.TIM5_IRQHandler)
    i.TIM_Base_SetConfig                     0x08004a74   Section        0  stm32f4xx_hal_tim.o(i.TIM_Base_SetConfig)
    i.TIM_ETR_SetConfig                      0x08004b3c   Section        0  stm32f4xx_hal_tim.o(i.TIM_ETR_SetConfig)
    i.TIM_ITRx_SetConfig                     0x08004b50   Section        0  stm32f4xx_hal_tim.o(i.TIM_ITRx_SetConfig)
    TIM_ITRx_SetConfig                       0x08004b51   Thumb Code    16  stm32f4xx_hal_tim.o(i.TIM_ITRx_SetConfig)
    i.TIM_TI1_ConfigInputStage               0x08004b60   Section        0  stm32f4xx_hal_tim.o(i.TIM_TI1_ConfigInputStage)
    TIM_TI1_ConfigInputStage                 0x08004b61   Thumb Code    34  stm32f4xx_hal_tim.o(i.TIM_TI1_ConfigInputStage)
    i.TIM_TI2_ConfigInputStage               0x08004b82   Section        0  stm32f4xx_hal_tim.o(i.TIM_TI2_ConfigInputStage)
    TIM_TI2_ConfigInputStage                 0x08004b83   Thumb Code    36  stm32f4xx_hal_tim.o(i.TIM_TI2_ConfigInputStage)
    i.UART_DMAAbortOnError                   0x08004ba6   Section        0  stm32f4xx_hal_uart.o(i.UART_DMAAbortOnError)
    UART_DMAAbortOnError                     0x08004ba7   Thumb Code    16  stm32f4xx_hal_uart.o(i.UART_DMAAbortOnError)
    i.UART_EndRxTransfer                     0x08004bb6   Section        0  stm32f4xx_hal_uart.o(i.UART_EndRxTransfer)
    UART_EndRxTransfer                       0x08004bb7   Thumb Code    28  stm32f4xx_hal_uart.o(i.UART_EndRxTransfer)
    i.UART_Receive_IT                        0x08004bd2   Section        0  stm32f4xx_hal_uart.o(i.UART_Receive_IT)
    UART_Receive_IT                          0x08004bd3   Thumb Code   150  stm32f4xx_hal_uart.o(i.UART_Receive_IT)
    i.UART_SetConfig                         0x08004c68   Section        0  stm32f4xx_hal_uart.o(i.UART_SetConfig)
    UART_SetConfig                           0x08004c69   Thumb Code   286  stm32f4xx_hal_uart.o(i.UART_SetConfig)
    i.UART_Transmit_IT                       0x08004d90   Section        0  stm32f4xx_hal_uart.o(i.UART_Transmit_IT)
    UART_Transmit_IT                         0x08004d91   Thumb Code    98  stm32f4xx_hal_uart.o(i.UART_Transmit_IT)
    i.UART_WaitOnFlagUntilTimeout            0x08004df2   Section        0  stm32f4xx_hal_uart.o(i.UART_WaitOnFlagUntilTimeout)
    UART_WaitOnFlagUntilTimeout              0x08004df3   Thumb Code   100  stm32f4xx_hal_uart.o(i.UART_WaitOnFlagUntilTimeout)
    i.USART1_IRQHandler                      0x08004e58   Section        0  stm32f4xx_it.o(i.USART1_IRQHandler)
    i.UsageFault_Handler                     0x08004e64   Section        0  stm32f4xx_it.o(i.UsageFault_Handler)
    i.__0printf                              0x08004e68   Section        0  printfa.o(i.__0printf)
    i.__NVIC_SetPriority                     0x08004e88   Section        0  stm32f4xx_hal_cortex.o(i.__NVIC_SetPriority)
    __NVIC_SetPriority                       0x08004e89   Thumb Code    32  stm32f4xx_hal_cortex.o(i.__NVIC_SetPriority)
    i.__hardfp_sqrt                          0x08004ea8   Section        0  sqrt_full.o(i.__hardfp_sqrt)
    i.__scatterload_copy                     0x08004f22   Section       14  handlers.o(i.__scatterload_copy)
    i.__scatterload_null                     0x08004f30   Section        2  handlers.o(i.__scatterload_null)
    i.__scatterload_zeroinit                 0x08004f32   Section       14  handlers.o(i.__scatterload_zeroinit)
    i.__set_errno                            0x08004f40   Section        0  errno.o(i.__set_errno)
    i._fp_digits                             0x08004f4c   Section        0  printfa.o(i._fp_digits)
    _fp_digits                               0x08004f4d   Thumb Code   366  printfa.o(i._fp_digits)
    i._printf_core                           0x080050d0   Section        0  printfa.o(i._printf_core)
    _printf_core                             0x080050d1   Thumb Code  1744  printfa.o(i._printf_core)
    i._printf_post_padding                   0x080057ac   Section        0  printfa.o(i._printf_post_padding)
    _printf_post_padding                     0x080057ad   Thumb Code    36  printfa.o(i._printf_post_padding)
    i._printf_pre_padding                    0x080057d0   Section        0  printfa.o(i._printf_pre_padding)
    _printf_pre_padding                      0x080057d1   Thumb Code    46  printfa.o(i._printf_pre_padding)
    i.ad7606_IRQSrc                          0x08005800   Section        0  ad7606.o(i.ad7606_IRQSrc)
    i.ad7606_ReadBytes                       0x08005848   Section        0  ad7606.o(i.ad7606_ReadBytes)
    i.ad7606_Reset                           0x0800584c   Section        0  ad7606.o(i.ad7606_Reset)
    i.ad7606_SetOS                           0x08005868   Section        0  ad7606.o(i.ad7606_SetOS)
    i.ad7606_StartConv                       0x080058c0   Section        0  ad7606.o(i.ad7606_StartConv)
    i.ad7606_StartRecord                     0x080058e4   Section        0  ad7606.o(i.ad7606_StartRecord)
    i.ad7606_init                            0x0800590c   Section        0  ad7606.o(i.ad7606_init)
    i.arm_fir48_init                         0x08005928   Section        0  fir_48.o(i.arm_fir48_init)
    i.arm_fir_f32_lp_48                      0x0800594c   Section        0  fir_48.o(i.arm_fir_f32_lp_48)
    i.bpm_calculate                          0x08005964   Section        0  bpm.o(i.bpm_calculate)
    i.delay_us                               0x08005af4   Section        0  delay.o(i.delay_us)
    i.find_bad_bpm                           0x08005b40   Section        0  bpm.o(i.find_bad_bpm)
    i.fputc                                  0x08005c7c   Section        0  stm32f4xx_hal.o(i.fputc)
    i.get_volt                               0x08005c94   Section        0  ad1292.o(i.get_volt)
    i.main                                   0x08005c9c   Section        0  main.o(i.main)
    i.maxim_find_peaks                       0x08006024   Section        0  findpeaks.o(i.maxim_find_peaks)
    i.maxim_peaks_above_min_height           0x08006054   Section        0  findpeaks.o(i.maxim_peaks_above_min_height)
    i.maxim_remove_close_peaks               0x080060be   Section        0  findpeaks.o(i.maxim_remove_close_peaks)
    i.maxim_sort_ascend                      0x08006120   Section        0  findpeaks.o(i.maxim_sort_ascend)
    i.maxim_sort_indices_descend             0x08006160   Section        0  findpeaks.o(i.maxim_sort_indices_descend)
    i.midfilt1                               0x0800619c   Section        0  medfilt1.o(i.midfilt1)
    i.send_ending_flag                       0x080061e8   Section        0  usart_hmi.o(i.send_ending_flag)
    i.two_num                                0x08006200   Section        0  bpm.o(i.two_num)
    .constdata                               0x08006264   Section        8  stm32f4xx_hal_dma.o(.constdata)
    flagBitshiftOffset                       0x08006264   Data           8  stm32f4xx_hal_dma.o(.constdata)
    .constdata                               0x0800626c   Section       16  system_stm32f4xx.o(.constdata)
    .constdata                               0x0800627c   Section        8  system_stm32f4xx.o(.constdata)
    .constdata                               0x08006284   Section      312  fir_48.o(.constdata)
    .data                                    0x20000000   Section      140  main.o(.data)
    j                                        0x20000003   Data           1  main.o(.data)
    step                                     0x20000005   Data           1  main.o(.data)
    wifi_step                                0x20000006   Data           1  main.o(.data)
    bpm_val                                  0x20000007   Data           1  main.o(.data)
    int_wifi_bpm_val                         0x20000008   Data           1  main.o(.data)
    wifi_bpm_val                             0x20000009   Data           1  main.o(.data)
    j                                        0x2000000a   Data           2  main.o(.data)
    n                                        0x2000000c   Data           2  main.o(.data)
    mid_filt_num                             0x2000000e   Data           2  main.o(.data)
    mid_filt_start_flag                      0x20000028   Data           4  main.o(.data)
    temp_ad_send_flag                        0x2000002c   Data           4  main.o(.data)
    warning_flag                             0x20000030   Data           4  main.o(.data)
    debug_flag                               0x20000034   Data           4  main.o(.data)
    half_send_flag                           0x20000038   Data           4  main.o(.data)
    value                                    0x2000003c   Data           4  main.o(.data)
    sum                                      0x20000048   Data           4  main.o(.data)
    bpm                                      0x20000060   Data           4  main.o(.data)
    G                                        0x2000006c   Data           4  main.o(.data)
    faacx                                    0x20000070   Data           4  main.o(.data)
    faacy                                    0x20000074   Data           4  main.o(.data)
    faacz                                    0x20000078   Data           4  main.o(.data)
    max_G                                    0x2000007c   Data           4  main.o(.data)
    max_G_loc                                0x20000080   Data           4  main.o(.data)
    i                                        0x20000084   Data           4  main.o(.data)
    .data                                    0x2000008c   Section       12  stm32f4xx_hal.o(.data)
    .data                                    0x20000098   Section        4  system_stm32f4xx.o(.data)
    .data                                    0x2000009c   Section       57  ad1292.o(.data)
    f                                        0x200000ac   Data           4  ad1292.o(.data)
    i                                        0x200000b0   Data           4  ad1292.o(.data)
    .data                                    0x200000d8   Section        8  usart_hmi.o(.data)
    x                                        0x200000dc   Data           4  usart_hmi.o(.data)
    .data                                    0x200000e0   Section       16  bpm.o(.data)
    signal_bad_bpm_flag                      0x200000e0   Data           4  bpm.o(.data)
    bad_bpm_flag                             0x200000e4   Data           4  bpm.o(.data)
    signal_loc                               0x200000e8   Data           4  bpm.o(.data)
    signal_time                              0x200000ec   Data           4  bpm.o(.data)
    .data                                    0x200000f0   Section        4  fir_48.o(.data)
    .data                                    0x200000f4   Section        4  stdout.o(.data)
    .data                                    0x200000f8   Section        4  errno.o(.data)
    _errno                                   0x200000f8   Data           4  errno.o(.data)
    .bss                                     0x200000fc   Section    22880  main.o(.bss)
    G_cal                                    0x20005958   Data         200  main.o(.bss)
    .bss                                     0x20005a5c   Section       84  i2c.o(.bss)
    .bss                                     0x20005ab0   Section       88  spi.o(.bss)
    .bss                                     0x20005b08   Section      192  tim.o(.bss)
    .bss                                     0x20005bc8   Section      160  usart.o(.bss)
    .bss                                     0x20005c68   Section       21  ad1292.o(.bss)
    .bss                                     0x20005c7e   Section     4102  ad7606.o(.bss)
    .bss                                     0x20006c84   Section      500  medfilt1.o(.bss)
    .bss                                     0x20006e78   Section      404  fir_48.o(.bss)
    firStateF32_48                           0x20006e78   Data         196  fir_48.o(.bss)
    firStateF32_5                            0x20006f3c   Data         196  fir_48.o(.bss)
    STACK                                    0x20007010   Section     1024  startup_stm32f407xx.o(STACK)

    Global Symbols

    Symbol Name                              Value     Ov Type        Size  Object(Section)

    BuildAttributes$$THM_ISAv4$E$P$D$K$B$S$7EM$VFPi3$EXTD16$VFPS$VFMA$PE$A:L22UL41UL21$X:L11$S22US41US21$IEEE1$IW$USESV6$~STKCKD$USESV7$~SHL$OTIME$ROPI$IEEEX$EBA8$MICROLIB$REQ8$PRES8$EABIv2 0x00000000   Number         0  anon$$obj.o ABSOLUTE
    __ARM_use_no_argv                        0x00000000   Number         0  main.o ABSOLUTE
    _printf_a                                0x00000000   Number         0  stubs.o ABSOLUTE
    _printf_c                                0x00000000   Number         0  stubs.o ABSOLUTE
    _printf_charcount                        0x00000000   Number         0  stubs.o ABSOLUTE
    _printf_d                                0x00000000   Number         0  stubs.o ABSOLUTE
    _printf_e                                0x00000000   Number         0  stubs.o ABSOLUTE
    _printf_f                                0x00000000   Number         0  stubs.o ABSOLUTE
    _printf_flags                            0x00000000   Number         0  stubs.o ABSOLUTE
    _printf_fp_dec                           0x00000000   Number         0  stubs.o ABSOLUTE
    _printf_fp_hex                           0x00000000   Number         0  stubs.o ABSOLUTE
    _printf_g                                0x00000000   Number         0  stubs.o ABSOLUTE
    _printf_i                                0x00000000   Number         0  stubs.o ABSOLUTE
    _printf_int_dec                          0x00000000   Number         0  stubs.o ABSOLUTE
    _printf_l                                0x00000000   Number         0  stubs.o ABSOLUTE
    _printf_lc                               0x00000000   Number         0  stubs.o ABSOLUTE
    _printf_ll                               0x00000000   Number         0  stubs.o ABSOLUTE
    _printf_lld                              0x00000000   Number         0  stubs.o ABSOLUTE
    _printf_lli                              0x00000000   Number         0  stubs.o ABSOLUTE
    _printf_llo                              0x00000000   Number         0  stubs.o ABSOLUTE
    _printf_llu                              0x00000000   Number         0  stubs.o ABSOLUTE
    _printf_llx                              0x00000000   Number         0  stubs.o ABSOLUTE
    _printf_longlong_dec                     0x00000000   Number         0  stubs.o ABSOLUTE
    _printf_longlong_hex                     0x00000000   Number         0  stubs.o ABSOLUTE
    _printf_longlong_oct                     0x00000000   Number         0  stubs.o ABSOLUTE
    _printf_ls                               0x00000000   Number         0  stubs.o ABSOLUTE
    _printf_mbtowc                           0x00000000   Number         0  stubs.o ABSOLUTE
    _printf_n                                0x00000000   Number         0  stubs.o ABSOLUTE
    _printf_o                                0x00000000   Number         0  stubs.o ABSOLUTE
    _printf_p                                0x00000000   Number         0  stubs.o ABSOLUTE
    _printf_percent                          0x00000000   Number         0  stubs.o ABSOLUTE
    _printf_pre_padding                      0x00000000   Number         0  stubs.o ABSOLUTE
    _printf_return_value                     0x00000000   Number         0  stubs.o ABSOLUTE
    _printf_s                                0x00000000   Number         0  stubs.o ABSOLUTE
    _printf_sizespec                         0x00000000   Number         0  stubs.o ABSOLUTE
    _printf_str                              0x00000000   Number         0  stubs.o ABSOLUTE
    _printf_truncate_signed                  0x00000000   Number         0  stubs.o ABSOLUTE
    _printf_truncate_unsigned                0x00000000   Number         0  stubs.o ABSOLUTE
    _printf_u                                0x00000000   Number         0  stubs.o ABSOLUTE
    _printf_wc                               0x00000000   Number         0  stubs.o ABSOLUTE
    _printf_wctomb                           0x00000000   Number         0  stubs.o ABSOLUTE
    _printf_widthprec                        0x00000000   Number         0  stubs.o ABSOLUTE
    _printf_x                                0x00000000   Number         0  stubs.o ABSOLUTE
    __cpp_initialize__aeabi_                  - Undefined Weak Reference
    __cxa_finalize                            - Undefined Weak Reference
    __decompress                              - Undefined Weak Reference
    _clock_init                               - Undefined Weak Reference
    _microlib_exit                            - Undefined Weak Reference
    __Vectors_Size                           0x00000188   Number         0  startup_stm32f407xx.o ABSOLUTE
    __Vectors                                0x08000000   Data           4  startup_stm32f407xx.o(RESET)
    __Vectors_End                            0x08000188   Data           0  startup_stm32f407xx.o(RESET)
    __main                                   0x08000189   Thumb Code     0  entry.o(.ARM.Collect$$$$00000000)
    _main_stk                                0x08000189   Thumb Code     0  entry2.o(.ARM.Collect$$$$00000001)
    _main_scatterload                        0x0800018d   Thumb Code     0  entry5.o(.ARM.Collect$$$$00000004)
    __main_after_scatterload                 0x08000191   Thumb Code     0  entry5.o(.ARM.Collect$$$$00000004)
    _main_clock                              0x08000191   Thumb Code     0  entry7b.o(.ARM.Collect$$$$00000008)
    _main_cpp_init                           0x08000191   Thumb Code     0  entry8b.o(.ARM.Collect$$$$0000000A)
    _main_init                               0x08000191   Thumb Code     0  entry9a.o(.ARM.Collect$$$$0000000B)
    __rt_final_cpp                           0x08000199   Thumb Code     0  entry10a.o(.ARM.Collect$$$$0000000D)
    __rt_final_exit                          0x08000199   Thumb Code     0  entry11a.o(.ARM.Collect$$$$0000000F)
    Reset_Handler                            0x0800019d   Thumb Code     8  startup_stm32f407xx.o(.text)
    ADC_IRQHandler                           0x080001b7   Thumb Code     0  startup_stm32f407xx.o(.text)
    CAN1_RX0_IRQHandler                      0x080001b7   Thumb Code     0  startup_stm32f407xx.o(.text)
    CAN1_RX1_IRQHandler                      0x080001b7   Thumb Code     0  startup_stm32f407xx.o(.text)
    CAN1_SCE_IRQHandler                      0x080001b7   Thumb Code     0  startup_stm32f407xx.o(.text)
    CAN1_TX_IRQHandler                       0x080001b7   Thumb Code     0  startup_stm32f407xx.o(.text)
    CAN2_RX0_IRQHandler                      0x080001b7   Thumb Code     0  startup_stm32f407xx.o(.text)
    CAN2_RX1_IRQHandler                      0x080001b7   Thumb Code     0  startup_stm32f407xx.o(.text)
    CAN2_SCE_IRQHandler                      0x080001b7   Thumb Code     0  startup_stm32f407xx.o(.text)
    CAN2_TX_IRQHandler                       0x080001b7   Thumb Code     0  startup_stm32f407xx.o(.text)
    DCMI_IRQHandler                          0x080001b7   Thumb Code     0  startup_stm32f407xx.o(.text)
    DMA1_Stream0_IRQHandler                  0x080001b7   Thumb Code     0  startup_stm32f407xx.o(.text)
    DMA1_Stream1_IRQHandler                  0x080001b7   Thumb Code     0  startup_stm32f407xx.o(.text)
    DMA1_Stream2_IRQHandler                  0x080001b7   Thumb Code     0  startup_stm32f407xx.o(.text)
    DMA1_Stream3_IRQHandler                  0x080001b7   Thumb Code     0  startup_stm32f407xx.o(.text)
    DMA1_Stream4_IRQHandler                  0x080001b7   Thumb Code     0  startup_stm32f407xx.o(.text)
    DMA1_Stream5_IRQHandler                  0x080001b7   Thumb Code     0  startup_stm32f407xx.o(.text)
    DMA1_Stream6_IRQHandler                  0x080001b7   Thumb Code     0  startup_stm32f407xx.o(.text)
    DMA1_Stream7_IRQHandler                  0x080001b7   Thumb Code     0  startup_stm32f407xx.o(.text)
    DMA2_Stream0_IRQHandler                  0x080001b7   Thumb Code     0  startup_stm32f407xx.o(.text)
    DMA2_Stream1_IRQHandler                  0x080001b7   Thumb Code     0  startup_stm32f407xx.o(.text)
    DMA2_Stream2_IRQHandler                  0x080001b7   Thumb Code     0  startup_stm32f407xx.o(.text)
    DMA2_Stream3_IRQHandler                  0x080001b7   Thumb Code     0  startup_stm32f407xx.o(.text)
    DMA2_Stream4_IRQHandler                  0x080001b7   Thumb Code     0  startup_stm32f407xx.o(.text)
    DMA2_Stream5_IRQHandler                  0x080001b7   Thumb Code     0  startup_stm32f407xx.o(.text)
    DMA2_Stream6_IRQHandler                  0x080001b7   Thumb Code     0  startup_stm32f407xx.o(.text)
    ETH_IRQHandler                           0x080001b7   Thumb Code     0  startup_stm32f407xx.o(.text)
    ETH_WKUP_IRQHandler                      0x080001b7   Thumb Code     0  startup_stm32f407xx.o(.text)
    EXTI0_IRQHandler                         0x080001b7   Thumb Code     0  startup_stm32f407xx.o(.text)
    EXTI15_10_IRQHandler                     0x080001b7   Thumb Code     0  startup_stm32f407xx.o(.text)
    EXTI1_IRQHandler                         0x080001b7   Thumb Code     0  startup_stm32f407xx.o(.text)
    EXTI2_IRQHandler                         0x080001b7   Thumb Code     0  startup_stm32f407xx.o(.text)
    EXTI3_IRQHandler                         0x080001b7   Thumb Code     0  startup_stm32f407xx.o(.text)
    EXTI4_IRQHandler                         0x080001b7   Thumb Code     0  startup_stm32f407xx.o(.text)
    FLASH_IRQHandler                         0x080001b7   Thumb Code     0  startup_stm32f407xx.o(.text)
    FMC_IRQHandler                           0x080001b7   Thumb Code     0  startup_stm32f407xx.o(.text)
    FPU_IRQHandler                           0x080001b7   Thumb Code     0  startup_stm32f407xx.o(.text)
    HASH_RNG_IRQHandler                      0x080001b7   Thumb Code     0  startup_stm32f407xx.o(.text)
    I2C2_ER_IRQHandler                       0x080001b7   Thumb Code     0  startup_stm32f407xx.o(.text)
    I2C2_EV_IRQHandler                       0x080001b7   Thumb Code     0  startup_stm32f407xx.o(.text)
    I2C3_ER_IRQHandler                       0x080001b7   Thumb Code     0  startup_stm32f407xx.o(.text)
    I2C3_EV_IRQHandler                       0x080001b7   Thumb Code     0  startup_stm32f407xx.o(.text)
    OTG_FS_IRQHandler                        0x080001b7   Thumb Code     0  startup_stm32f407xx.o(.text)
    OTG_FS_WKUP_IRQHandler                   0x080001b7   Thumb Code     0  startup_stm32f407xx.o(.text)
    OTG_HS_EP1_IN_IRQHandler                 0x080001b7   Thumb Code     0  startup_stm32f407xx.o(.text)
    OTG_HS_EP1_OUT_IRQHandler                0x080001b7   Thumb Code     0  startup_stm32f407xx.o(.text)
    OTG_HS_IRQHandler                        0x080001b7   Thumb Code     0  startup_stm32f407xx.o(.text)
    OTG_HS_WKUP_IRQHandler                   0x080001b7   Thumb Code     0  startup_stm32f407xx.o(.text)
    PVD_IRQHandler                           0x080001b7   Thumb Code     0  startup_stm32f407xx.o(.text)
    RCC_IRQHandler                           0x080001b7   Thumb Code     0  startup_stm32f407xx.o(.text)
    RTC_Alarm_IRQHandler                     0x080001b7   Thumb Code     0  startup_stm32f407xx.o(.text)
    RTC_WKUP_IRQHandler                      0x080001b7   Thumb Code     0  startup_stm32f407xx.o(.text)
    SDIO_IRQHandler                          0x080001b7   Thumb Code     0  startup_stm32f407xx.o(.text)
    SPI1_IRQHandler                          0x080001b7   Thumb Code     0  startup_stm32f407xx.o(.text)
    SPI2_IRQHandler                          0x080001b7   Thumb Code     0  startup_stm32f407xx.o(.text)
    SPI3_IRQHandler                          0x080001b7   Thumb Code     0  startup_stm32f407xx.o(.text)
    TAMP_STAMP_IRQHandler                    0x080001b7   Thumb Code     0  startup_stm32f407xx.o(.text)
    TIM1_BRK_TIM9_IRQHandler                 0x080001b7   Thumb Code     0  startup_stm32f407xx.o(.text)
    TIM1_CC_IRQHandler                       0x080001b7   Thumb Code     0  startup_stm32f407xx.o(.text)
    TIM1_TRG_COM_TIM11_IRQHandler            0x080001b7   Thumb Code     0  startup_stm32f407xx.o(.text)
    TIM1_UP_TIM10_IRQHandler                 0x080001b7   Thumb Code     0  startup_stm32f407xx.o(.text)
    TIM2_IRQHandler                          0x080001b7   Thumb Code     0  startup_stm32f407xx.o(.text)
    TIM6_DAC_IRQHandler                      0x080001b7   Thumb Code     0  startup_stm32f407xx.o(.text)
    TIM7_IRQHandler                          0x080001b7   Thumb Code     0  startup_stm32f407xx.o(.text)
    TIM8_BRK_TIM12_IRQHandler                0x080001b7   Thumb Code     0  startup_stm32f407xx.o(.text)
    TIM8_CC_IRQHandler                       0x080001b7   Thumb Code     0  startup_stm32f407xx.o(.text)
    TIM8_TRG_COM_TIM14_IRQHandler            0x080001b7   Thumb Code     0  startup_stm32f407xx.o(.text)
    TIM8_UP_TIM13_IRQHandler                 0x080001b7   Thumb Code     0  startup_stm32f407xx.o(.text)
    UART4_IRQHandler                         0x080001b7   Thumb Code     0  startup_stm32f407xx.o(.text)
    UART5_IRQHandler                         0x080001b7   Thumb Code     0  startup_stm32f407xx.o(.text)
    USART2_IRQHandler                        0x080001b7   Thumb Code     0  startup_stm32f407xx.o(.text)
    USART3_IRQHandler                        0x080001b7   Thumb Code     0  startup_stm32f407xx.o(.text)
    USART6_IRQHandler                        0x080001b7   Thumb Code     0  startup_stm32f407xx.o(.text)
    WWDG_IRQHandler                          0x080001b7   Thumb Code     0  startup_stm32f407xx.o(.text)
    arm_fir_f32                              0x080001c1   Thumb Code  1330  arm_fir_f32.o(.text)
    arm_fir_init_f32                         0x080006f3   Thumb Code    28  arm_fir_init_f32.o(.text)
    arm_max_f32                              0x08000711   Thumb Code   216  arm_max_f32.o(.text)
    arm_max_q31                              0x080007e9   Thumb Code   154  arm_max_q31.o(.text)
    arm_min_f32                              0x08000885   Thumb Code   216  arm_min_f32.o(.text)
    arm_copy_f32                             0x0800095d   Thumb Code   132  arm_copy_f32.o(.text)
    __aeabi_uldivmod                         0x080009e1   Thumb Code    98  uldiv.o(.text)
    __aeabi_memset                           0x08000a43   Thumb Code    14  memseta.o(.text)
    __aeabi_memset4                          0x08000a43   Thumb Code     0  memseta.o(.text)
    __aeabi_memset8                          0x08000a43   Thumb Code     0  memseta.o(.text)
    __aeabi_memclr                           0x08000a51   Thumb Code     4  memseta.o(.text)
    __aeabi_memclr4                          0x08000a51   Thumb Code     0  memseta.o(.text)
    __aeabi_memclr8                          0x08000a51   Thumb Code     0  memseta.o(.text)
    _memset$wrapper                          0x08000a55   Thumb Code    18  memseta.o(.text)
    __aeabi_dadd                             0x08000a67   Thumb Code   322  dadd.o(.text)
    __aeabi_dsub                             0x08000ba9   Thumb Code     6  dadd.o(.text)
    __aeabi_drsub                            0x08000baf   Thumb Code     6  dadd.o(.text)
    __aeabi_dmul                             0x08000bb5   Thumb Code   228  dmul.o(.text)
    __aeabi_ddiv                             0x08000c99   Thumb Code   222  ddiv.o(.text)
    __aeabi_i2d                              0x08000d77   Thumb Code    34  dflti.o(.text)
    __aeabi_d2iz                             0x08000d99   Thumb Code    62  dfixi.o(.text)
    __aeabi_f2d                              0x08000dd7   Thumb Code    38  f2d.o(.text)
    __aeabi_cdrcmple                         0x08000dfd   Thumb Code    48  cdrcmple.o(.text)
    __aeabi_d2f                              0x08000e2d   Thumb Code    56  d2f.o(.text)
    __aeabi_uidiv                            0x08000e65   Thumb Code     0  uidiv.o(.text)
    __aeabi_uidivmod                         0x08000e65   Thumb Code    44  uidiv.o(.text)
    __aeabi_llsl                             0x08000e91   Thumb Code    30  llshl.o(.text)
    _ll_shift_l                              0x08000e91   Thumb Code     0  llshl.o(.text)
    __aeabi_llsr                             0x08000eaf   Thumb Code    32  llushr.o(.text)
    _ll_ushift_r                             0x08000eaf   Thumb Code     0  llushr.o(.text)
    __aeabi_lasr                             0x08000ecf   Thumb Code    36  llsshr.o(.text)
    _ll_sshift_r                             0x08000ecf   Thumb Code     0  llsshr.o(.text)
    __I$use$fp                               0x08000ef3   Thumb Code     0  iusefp.o(.text)
    _float_round                             0x08000ef3   Thumb Code    18  fepilogue.o(.text)
    _float_epilogue                          0x08000f05   Thumb Code    92  fepilogue.o(.text)
    _double_round                            0x08000f61   Thumb Code    30  depilogue.o(.text)
    _double_epilogue                         0x08000f7f   Thumb Code   156  depilogue.o(.text)
    _dsqrt                                   0x0800101b   Thumb Code   162  dsqrt.o(.text)
    __aeabi_d2ulz                            0x080010bd   Thumb Code    48  dfixul.o(.text)
    __scatterload                            0x080010ed   Thumb Code    28  init.o(.text)
    __scatterload_rt2                        0x080010ed   Thumb Code     0  init.o(.text)
    ADS1292_Init                             0x08001111   Thumb Code    24  ad1292.o(i.ADS1292_Init)
    ADS1292_Noise_Test                       0x0800112d   Thumb Code    36  ad1292.o(i.ADS1292_Noise_Test)
    ADS1292_PowerOnInit                      0x08001155   Thumb Code    80  ad1292.o(i.ADS1292_PowerOnInit)
    ADS1292_Read_Data                        0x080011c1   Thumb Code    42  ad1292.o(i.ADS1292_Read_Data)
    ADS1292_SET_REGBUFF                      0x080011f1   Thumb Code   256  ad1292.o(i.ADS1292_SET_REGBUFF)
    ADS1292_SPI                              0x080012f9   Thumb Code     4  ad1292.o(i.ADS1292_SPI)
    ADS1292_Send_CMD                         0x080012fd   Thumb Code    40  ad1292.o(i.ADS1292_Send_CMD)
    ADS1292_Single_Read                      0x08001329   Thumb Code    34  ad1292.o(i.ADS1292_Single_Read)
    ADS1292_Single_Test                      0x08001351   Thumb Code    38  ad1292.o(i.ADS1292_Single_Test)
    ADS1292_WRITE_REGBUFF                    0x0800137d   Thumb Code   132  ad1292.o(i.ADS1292_WRITE_REGBUFF)
    ADS1292_WR_REGS                          0x0800144d   Thumb Code   118  ad1292.o(i.ADS1292_WR_REGS)
    ADS1292_val_init                         0x080014c9   Thumb Code    86  ad1292.o(i.ADS1292_val_init)
    BusFault_Handler                         0x0800152d   Thumb Code     2  stm32f4xx_it.o(i.BusFault_Handler)
    DMA2_Stream7_IRQHandler                  0x08001531   Thumb Code     6  stm32f4xx_it.o(i.DMA2_Stream7_IRQHandler)
    DebugMon_Handler                         0x080015b9   Thumb Code     2  stm32f4xx_it.o(i.DebugMon_Handler)
    EXTI9_5_IRQHandler                       0x080015bb   Thumb Code     8  stm32f4xx_it.o(i.EXTI9_5_IRQHandler)
    Error_Handler                            0x080015c3   Thumb Code     2  main.o(i.Error_Handler)
    Get_val_init_data                        0x080015c5   Thumb Code   108  ad1292.o(i.Get_val_init_data)
    HAL_DMA_Abort_IT                         0x08001639   Thumb Code    36  stm32f4xx_hal_dma.o(i.HAL_DMA_Abort_IT)
    HAL_DMA_GetState                         0x0800165d   Thumb Code     6  stm32f4xx_hal_dma.o(i.HAL_DMA_GetState)
    HAL_DMA_IRQHandler                       0x08001665   Thumb Code   412  stm32f4xx_hal_dma.o(i.HAL_DMA_IRQHandler)
    HAL_DMA_Init                             0x08001805   Thumb Code   206  stm32f4xx_hal_dma.o(i.HAL_DMA_Init)
    HAL_Delay                                0x080018d9   Thumb Code    32  stm32f4xx_hal.o(i.HAL_Delay)
    HAL_GPIO_EXTI_Callback                   0x080018fd   Thumb Code    22  main.o(i.HAL_GPIO_EXTI_Callback)
    HAL_GPIO_EXTI_IRQHandler                 0x08001919   Thumb Code    18  stm32f4xx_hal_gpio.o(i.HAL_GPIO_EXTI_IRQHandler)
    HAL_GPIO_Init                            0x08001931   Thumb Code   394  stm32f4xx_hal_gpio.o(i.HAL_GPIO_Init)
    HAL_GPIO_ReadPin                         0x08001ae9   Thumb Code    10  stm32f4xx_hal_gpio.o(i.HAL_GPIO_ReadPin)
    HAL_GPIO_WritePin                        0x08001af3   Thumb Code    10  stm32f4xx_hal_gpio.o(i.HAL_GPIO_WritePin)
    HAL_GetTick                              0x08001afd   Thumb Code     6  stm32f4xx_hal.o(i.HAL_GetTick)
    HAL_I2C_AbortCpltCallback                0x08001b09   Thumb Code     2  stm32f4xx_hal_i2c.o(i.HAL_I2C_AbortCpltCallback)
    HAL_I2C_AddrCallback                     0x08001b0b   Thumb Code     2  stm32f4xx_hal_i2c.o(i.HAL_I2C_AddrCallback)
    HAL_I2C_ER_IRQHandler                    0x08001b0d   Thumb Code   186  stm32f4xx_hal_i2c.o(i.HAL_I2C_ER_IRQHandler)
    HAL_I2C_EV_IRQHandler                    0x08001bc7   Thumb Code   602  stm32f4xx_hal_i2c.o(i.HAL_I2C_EV_IRQHandler)
    HAL_I2C_ErrorCallback                    0x08001e21   Thumb Code     2  stm32f4xx_hal_i2c.o(i.HAL_I2C_ErrorCallback)
    HAL_I2C_Init                             0x08001e25   Thumb Code   376  stm32f4xx_hal_i2c.o(i.HAL_I2C_Init)
    HAL_I2C_ListenCpltCallback               0x08001fad   Thumb Code     2  stm32f4xx_hal_i2c.o(i.HAL_I2C_ListenCpltCallback)
    HAL_I2C_MasterRxCpltCallback             0x08001faf   Thumb Code     2  stm32f4xx_hal_i2c.o(i.HAL_I2C_MasterRxCpltCallback)
    HAL_I2C_MasterTxCpltCallback             0x08001fb1   Thumb Code     2  stm32f4xx_hal_i2c.o(i.HAL_I2C_MasterTxCpltCallback)
    HAL_I2C_MemRxCpltCallback                0x08001fb3   Thumb Code     2  stm32f4xx_hal_i2c.o(i.HAL_I2C_MemRxCpltCallback)
    HAL_I2C_MemTxCpltCallback                0x08001fb5   Thumb Code     2  stm32f4xx_hal_i2c.o(i.HAL_I2C_MemTxCpltCallback)
    HAL_I2C_Mem_Read                         0x08001fb9   Thumb Code   490  stm32f4xx_hal_i2c.o(i.HAL_I2C_Mem_Read)
    HAL_I2C_Mem_Write                        0x080021b1   Thumb Code   294  stm32f4xx_hal_i2c.o(i.HAL_I2C_Mem_Write)
    HAL_I2C_MspInit                          0x080022e1   Thumb Code   124  i2c.o(i.HAL_I2C_MspInit)
    HAL_I2C_SlaveRxCpltCallback              0x08002369   Thumb Code     2  stm32f4xx_hal_i2c.o(i.HAL_I2C_SlaveRxCpltCallback)
    HAL_I2C_SlaveTxCpltCallback              0x0800236b   Thumb Code     2  stm32f4xx_hal_i2c.o(i.HAL_I2C_SlaveTxCpltCallback)
    HAL_IncTick                              0x0800236d   Thumb Code    12  stm32f4xx_hal.o(i.HAL_IncTick)
    HAL_Init                                 0x0800237d   Thumb Code    48  stm32f4xx_hal.o(i.HAL_Init)
    HAL_InitTick                             0x080023b1   Thumb Code    54  stm32f4xx_hal.o(i.HAL_InitTick)
    HAL_MspInit                              0x080023f1   Thumb Code    42  stm32f4xx_hal_msp.o(i.HAL_MspInit)
    HAL_NVIC_ClearPendingIRQ                 0x08002421   Thumb Code    26  stm32f4xx_hal_cortex.o(i.HAL_NVIC_ClearPendingIRQ)
    HAL_NVIC_DisableIRQ                      0x0800243b   Thumb Code    34  stm32f4xx_hal_cortex.o(i.HAL_NVIC_DisableIRQ)
    HAL_NVIC_EnableIRQ                       0x0800245d   Thumb Code    26  stm32f4xx_hal_cortex.o(i.HAL_NVIC_EnableIRQ)
    HAL_NVIC_SetPriority                     0x08002479   Thumb Code    60  stm32f4xx_hal_cortex.o(i.HAL_NVIC_SetPriority)
    HAL_NVIC_SetPriorityGrouping             0x080024b9   Thumb Code    26  stm32f4xx_hal_cortex.o(i.HAL_NVIC_SetPriorityGrouping)
    HAL_RCC_ClockConfig                      0x080024dd   Thumb Code   288  stm32f4xx_hal_rcc.o(i.HAL_RCC_ClockConfig)
    HAL_RCC_GetPCLK1Freq                     0x08002611   Thumb Code    20  stm32f4xx_hal_rcc.o(i.HAL_RCC_GetPCLK1Freq)
    HAL_RCC_GetPCLK2Freq                     0x08002631   Thumb Code    20  stm32f4xx_hal_rcc.o(i.HAL_RCC_GetPCLK2Freq)
    HAL_RCC_GetSysClockFreq                  0x08002651   Thumb Code    88  stm32f4xx_hal_rcc.o(i.HAL_RCC_GetSysClockFreq)
    HAL_RCC_OscConfig                        0x080026b1   Thumb Code   840  stm32f4xx_hal_rcc.o(i.HAL_RCC_OscConfig)
    HAL_SPI_Init                             0x08002a0d   Thumb Code   128  stm32f4xx_hal_spi.o(i.HAL_SPI_Init)
    HAL_SPI_MspInit                          0x08002a8d   Thumb Code   128  spi.o(i.HAL_SPI_MspInit)
    HAL_SPI_TransmitReceive                  0x08002b1d   Thumb Code   482  stm32f4xx_hal_spi.o(i.HAL_SPI_TransmitReceive)
    HAL_SYSTICK_Config                       0x08002cff   Thumb Code    40  stm32f4xx_hal_cortex.o(i.HAL_SYSTICK_Config)
    HAL_TIMEx_BreakCallback                  0x08002d27   Thumb Code     2  stm32f4xx_hal_tim_ex.o(i.HAL_TIMEx_BreakCallback)
    HAL_TIMEx_CommutCallback                 0x08002d29   Thumb Code     2  stm32f4xx_hal_tim_ex.o(i.HAL_TIMEx_CommutCallback)
    HAL_TIMEx_MasterConfigSynchronization    0x08002d2d   Thumb Code   116  stm32f4xx_hal_tim_ex.o(i.HAL_TIMEx_MasterConfigSynchronization)
    HAL_TIM_Base_Init                        0x08002dbd   Thumb Code    54  stm32f4xx_hal_tim.o(i.HAL_TIM_Base_Init)
    HAL_TIM_Base_MspInit                     0x08002df5   Thumb Code   122  tim.o(i.HAL_TIM_Base_MspInit)
    HAL_TIM_Base_Start_IT                    0x08002e81   Thumb Code    34  stm32f4xx_hal_tim.o(i.HAL_TIM_Base_Start_IT)
    HAL_TIM_ConfigClockSource                0x08002ea3   Thumb Code   214  stm32f4xx_hal_tim.o(i.HAL_TIM_ConfigClockSource)
    HAL_TIM_IC_CaptureCallback               0x08002f79   Thumb Code     2  stm32f4xx_hal_tim.o(i.HAL_TIM_IC_CaptureCallback)
    HAL_TIM_IRQHandler                       0x08002f7b   Thumb Code   358  stm32f4xx_hal_tim.o(i.HAL_TIM_IRQHandler)
    HAL_TIM_OC_DelayElapsedCallback          0x080030e1   Thumb Code     2  stm32f4xx_hal_tim.o(i.HAL_TIM_OC_DelayElapsedCallback)
    HAL_TIM_PWM_PulseFinishedCallback        0x080030e3   Thumb Code     2  stm32f4xx_hal_tim.o(i.HAL_TIM_PWM_PulseFinishedCallback)
    HAL_TIM_PeriodElapsedCallback            0x080030e5   Thumb Code   544  main.o(i.HAL_TIM_PeriodElapsedCallback)
    HAL_TIM_TriggerCallback                  0x08003351   Thumb Code     2  stm32f4xx_hal_tim.o(i.HAL_TIM_TriggerCallback)
    HAL_UART_ErrorCallback                   0x08003353   Thumb Code     2  stm32f4xx_hal_uart.o(i.HAL_UART_ErrorCallback)
    HAL_UART_IRQHandler                      0x08003355   Thumb Code   270  stm32f4xx_hal_uart.o(i.HAL_UART_IRQHandler)
    HAL_UART_Init                            0x08003469   Thumb Code    98  stm32f4xx_hal_uart.o(i.HAL_UART_Init)
    HAL_UART_MspInit                         0x080034cd   Thumb Code   160  usart.o(i.HAL_UART_MspInit)
    HAL_UART_RxCpltCallback                  0x08003581   Thumb Code     2  stm32f4xx_hal_uart.o(i.HAL_UART_RxCpltCallback)
    HAL_UART_Transmit                        0x08003583   Thumb Code   186  stm32f4xx_hal_uart.o(i.HAL_UART_Transmit)
    HAL_UART_TxCpltCallback                  0x0800363d   Thumb Code     2  stm32f4xx_hal_uart.o(i.HAL_UART_TxCpltCallback)
    HardFault_Handler                        0x0800363f   Thumb Code     2  stm32f4xx_it.o(i.HardFault_Handler)
    I2C1_ER_IRQHandler                       0x08003641   Thumb Code     6  stm32f4xx_it.o(i.I2C1_ER_IRQHandler)
    I2C1_EV_IRQHandler                       0x0800364d   Thumb Code     6  stm32f4xx_it.o(i.I2C1_EV_IRQHandler)
    MPU_Get_Accelerometer                    0x080042a5   Thumb Code    48  mpu6050.o(i.MPU_Get_Accelerometer)
    MPU_Init                                 0x080042d5   Thumb Code   114  mpu6050.o(i.MPU_Init)
    MPU_Read_Byte                            0x0800434d   Thumb Code    40  mpu6050.o(i.MPU_Read_Byte)
    MPU_Read_Len                             0x08004379   Thumb Code    28  mpu6050.o(i.MPU_Read_Len)
    MPU_Set_Accel_Fsr                        0x08004399   Thumb Code    10  mpu6050.o(i.MPU_Set_Accel_Fsr)
    MPU_Set_Gyro_Fsr                         0x080043a3   Thumb Code    10  mpu6050.o(i.MPU_Set_Gyro_Fsr)
    MPU_Set_LPF                              0x080043ad   Thumb Code    48  mpu6050.o(i.MPU_Set_LPF)
    MPU_Set_Rate                             0x080043dd   Thumb Code    46  mpu6050.o(i.MPU_Set_Rate)
    MPU_Write_Byte                           0x0800440d   Thumb Code    42  mpu6050.o(i.MPU_Write_Byte)
    MX_DMA_Init                              0x0800443d   Thumb Code    40  dma.o(i.MX_DMA_Init)
    MX_GPIO_Init                             0x08004469   Thumb Code   322  gpio.o(i.MX_GPIO_Init)
    MX_I2C1_Init                             0x080045c9   Thumb Code    50  i2c.o(i.MX_I2C1_Init)
    MX_SPI2_Init                             0x08004609   Thumb Code    62  spi.o(i.MX_SPI2_Init)
    MX_TIM3_Init                             0x08004651   Thumb Code    98  tim.o(i.MX_TIM3_Init)
    MX_TIM4_Init                             0x080046bd   Thumb Code   130  tim.o(i.MX_TIM4_Init)
    MX_TIM5_Init                             0x08004751   Thumb Code    96  tim.o(i.MX_TIM5_Init)
    MX_USART1_UART_Init                      0x080047b9   Thumb Code    48  usart.o(i.MX_USART1_UART_Init)
    MemManage_Handler                        0x080047f1   Thumb Code     2  stm32f4xx_it.o(i.MemManage_Handler)
    NMI_Handler                              0x080047f3   Thumb Code     2  stm32f4xx_it.o(i.NMI_Handler)
    PA8_IRQHandler                           0x080047f5   Thumb Code    22  ad1292.o(i.PA8_IRQHandler)
    PendSV_Handler                           0x08004815   Thumb Code     2  stm32f4xx_it.o(i.PendSV_Handler)
    SPI2_ReadWriteByte                       0x08004819   Thumb Code    28  ad1292.o(i.SPI2_ReadWriteByte)
    SPI_ReceiveData                          0x08004891   Thumb Code    52  ad7606.o(i.SPI_ReceiveData)
    SVC_Handler                              0x08004961   Thumb Code     2  stm32f4xx_it.o(i.SVC_Handler)
    Set_ADS1292_Collect                      0x08004963   Thumb Code    74  ad1292.o(i.Set_ADS1292_Collect)
    SysTick_Handler                          0x080049ad   Thumb Code     4  stm32f4xx_it.o(i.SysTick_Handler)
    SystemClock_Config                       0x080049b1   Thumb Code   124  main.o(i.SystemClock_Config)
    SystemInit                               0x08004a35   Thumb Code    22  system_stm32f4xx.o(i.SystemInit)
    TIM3_IRQHandler                          0x08004a51   Thumb Code     6  stm32f4xx_it.o(i.TIM3_IRQHandler)
    TIM4_IRQHandler                          0x08004a5d   Thumb Code     6  stm32f4xx_it.o(i.TIM4_IRQHandler)
    TIM5_IRQHandler                          0x08004a69   Thumb Code     6  stm32f4xx_it.o(i.TIM5_IRQHandler)
    TIM_Base_SetConfig                       0x08004a75   Thumb Code   156  stm32f4xx_hal_tim.o(i.TIM_Base_SetConfig)
    TIM_ETR_SetConfig                        0x08004b3d   Thumb Code    20  stm32f4xx_hal_tim.o(i.TIM_ETR_SetConfig)
    USART1_IRQHandler                        0x08004e59   Thumb Code     6  stm32f4xx_it.o(i.USART1_IRQHandler)
    UsageFault_Handler                       0x08004e65   Thumb Code     2  stm32f4xx_it.o(i.UsageFault_Handler)
    __0printf                                0x08004e69   Thumb Code    22  printfa.o(i.__0printf)
    __1printf                                0x08004e69   Thumb Code     0  printfa.o(i.__0printf)
    __2printf                                0x08004e69   Thumb Code     0  printfa.o(i.__0printf)
    __c89printf                              0x08004e69   Thumb Code     0  printfa.o(i.__0printf)
    printf                                   0x08004e69   Thumb Code     0  printfa.o(i.__0printf)
    __hardfp_sqrt                            0x08004ea9   Thumb Code   122  sqrt_full.o(i.__hardfp_sqrt)
    __scatterload_copy                       0x08004f23   Thumb Code    14  handlers.o(i.__scatterload_copy)
    __scatterload_null                       0x08004f31   Thumb Code     2  handlers.o(i.__scatterload_null)
    __scatterload_zeroinit                   0x08004f33   Thumb Code    14  handlers.o(i.__scatterload_zeroinit)
    __set_errno                              0x08004f41   Thumb Code     6  errno.o(i.__set_errno)
    ad7606_IRQSrc                            0x08005801   Thumb Code    64  ad7606.o(i.ad7606_IRQSrc)
    ad7606_ReadBytes                         0x08005849   Thumb Code     4  ad7606.o(i.ad7606_ReadBytes)
    ad7606_Reset                             0x0800584d   Thumb Code    22  ad7606.o(i.ad7606_Reset)
    ad7606_SetOS                             0x08005869   Thumb Code    84  ad7606.o(i.ad7606_SetOS)
    ad7606_StartConv                         0x080058c1   Thumb Code    30  ad7606.o(i.ad7606_StartConv)
    ad7606_StartRecord                       0x080058e5   Thumb Code    32  ad7606.o(i.ad7606_StartRecord)
    ad7606_init                              0x0800590d   Thumb Code    22  ad7606.o(i.ad7606_init)
    arm_fir48_init                           0x08005929   Thumb Code    24  fir_48.o(i.arm_fir48_init)
    arm_fir_f32_lp_48                        0x0800594d   Thumb Code    14  fir_48.o(i.arm_fir_f32_lp_48)
    bpm_calculate                            0x08005965   Thumb Code   374  bpm.o(i.bpm_calculate)
    delay_us                                 0x08005af5   Thumb Code    70  delay.o(i.delay_us)
    find_bad_bpm                             0x08005b41   Thumb Code   310  bpm.o(i.find_bad_bpm)
    fputc                                    0x08005c7d   Thumb Code    20  stm32f4xx_hal.o(i.fputc)
    get_volt                                 0x08005c95   Thumb Code     6  ad1292.o(i.get_volt)
    main                                     0x08005c9d   Thumb Code   804  main.o(i.main)
    maxim_find_peaks                         0x08006025   Thumb Code    48  findpeaks.o(i.maxim_find_peaks)
    maxim_peaks_above_min_height             0x08006055   Thumb Code   106  findpeaks.o(i.maxim_peaks_above_min_height)
    maxim_remove_close_peaks                 0x080060bf   Thumb Code    98  findpeaks.o(i.maxim_remove_close_peaks)
    maxim_sort_ascend                        0x08006121   Thumb Code    64  findpeaks.o(i.maxim_sort_ascend)
    maxim_sort_indices_descend               0x08006161   Thumb Code    58  findpeaks.o(i.maxim_sort_indices_descend)
    midfilt1                                 0x0800619d   Thumb Code    70  medfilt1.o(i.midfilt1)
    send_ending_flag                         0x080061e9   Thumb Code    14  usart_hmi.o(i.send_ending_flag)
    two_num                                  0x08006201   Thumb Code    90  bpm.o(i.two_num)
    AHBPrescTable                            0x0800626c   Data          16  system_stm32f4xx.o(.constdata)
    APBPrescTable                            0x0800627c   Data           8  system_stm32f4xx.o(.constdata)
    B5                                       0x08006284   Data         116  fir_48.o(.constdata)
    B                                        0x080062f8   Data         196  fir_48.o(.constdata)
    Region$$Table$$Base                      0x080063bc   Number         0  anon$$obj.o(Region$$Table)
    Region$$Table$$Limit                     0x080063dc   Number         0  anon$$obj.o(Region$$Table)
    wifi_bpm_flag                            0x20000000   Data           1  main.o(.data)
    wifi_temp_flag                           0x20000001   Data           1  main.o(.data)
    wifi_step_flag                           0x20000002   Data           1  main.o(.data)
    wifi_real_temp                           0x20000004   Data           1  main.o(.data)
    aacx                                     0x20000010   Data           2  main.o(.data)
    aacy                                     0x20000012   Data           2  main.o(.data)
    aacz                                     0x20000014   Data           2  main.o(.data)
    a                                        0x20000018   Data           4  main.o(.data)
    b                                        0x2000001c   Data           4  main.o(.data)
    c                                        0x20000020   Data           4  main.o(.data)
    d                                        0x20000024   Data           4  main.o(.data)
    temp_ad                                  0x20000040   Data           4  main.o(.data)
    real_temp                                0x20000044   Data           4  main.o(.data)
    val1                                     0x2000004c   Data           4  main.o(.data)
    pn_npks                                  0x20000050   Data           4  main.o(.data)
    a1                                       0x20000054   Data           4  main.o(.data)
    b1                                       0x20000058   Data           4  main.o(.data)
    mid_val                                  0x2000005c   Data           4  main.o(.data)
    min                                      0x20000064   Data           4  main.o(.data)
    min_index                                0x20000068   Data           4  main.o(.data)
    pn_npks_s                                0x20000088   Data           4  main.o(.data)
    uwTickFreq                               0x2000008c   Data           1  stm32f4xx_hal.o(.data)
    uwTickPrio                               0x20000090   Data           4  stm32f4xx_hal.o(.data)
    uwTick                                   0x20000094   Data           4  stm32f4xx_hal.o(.data)
    SystemCoreClock                          0x20000098   Data           4  system_stm32f4xx.o(.data)
    Ads1292_Config1                          0x2000009c   Data           1  ad1292.o(.data)
    ads1292_recive_flag                      0x2000009d   Data           1  ad1292.o(.data)
    Ads1292_Ch1set                           0x2000009e   Data           3  ad1292.o(.data)
    Ads1292_Ch2set                           0x200000a1   Data           3  ad1292.o(.data)
    Ads1292_Resp2                            0x200000a4   Data           3  ad1292.o(.data)
    Ads1292_Resp1                            0x200000a7   Data           4  ad1292.o(.data)
    max_init_val                             0x200000b4   Data           4  ad1292.o(.data)
    maxIndex                                 0x200000b8   Data           4  ad1292.o(.data)
    min_init_val                             0x200000bc   Data           4  ad1292.o(.data)
    minIndex                                 0x200000c0   Data           4  ad1292.o(.data)
    Ads1292_Config2                          0x200000c4   Data           5  ad1292.o(.data)
    Ads1292_Rld_Sens                         0x200000c9   Data           6  ad1292.o(.data)
    Ads1292_Loff_Sens                        0x200000cf   Data           6  ad1292.o(.data)
    Ending                                   0x200000d8   Data           3  usart_hmi.o(.data)
    block_size                               0x200000f0   Data           4  fir_48.o(.data)
    __stdout                                 0x200000f4   Data           4  stdout.o(.data)
    calculate_cache                          0x200000fc   Data         144  main.o(.bss)
    calculate_cache1                         0x2000018c   Data          72  main.o(.bss)
    fir_put                                  0x200001d4   Data         144  main.o(.bss)
    bpm_cache                                0x20000264   Data        5200  main.o(.bss)
    mid_filt_cache                           0x200016b4   Data         500  main.o(.bss)
    mid_filt_cache1                          0x200018a8   Data         500  main.o(.bss)
    pn_locs                                  0x20001a9c   Data          60  main.o(.bss)
    val_init_data                            0x20001ad8   Data        8000  main.o(.bss)
    breath_init_cache                        0x20003a18   Data        8000  main.o(.bss)
    pn_locs_s                                0x20005a20   Data          60  main.o(.bss)
    hi2c1                                    0x20005a5c   Data          84  i2c.o(.bss)
    hspi2                                    0x20005ab0   Data          88  spi.o(.bss)
    htim3                                    0x20005b08   Data          64  tim.o(.bss)
    htim4                                    0x20005b48   Data          64  tim.o(.bss)
    htim5                                    0x20005b88   Data          64  tim.o(.bss)
    huart1                                   0x20005bc8   Data          64  usart.o(.bss)
    hdma_usart1_tx                           0x20005c08   Data          96  usart.o(.bss)
    ADS1292_REG                              0x20005c68   Data          12  ad1292.o(.bss)
    ads1292_Cache                            0x20005c74   Data           9  ad1292.o(.bss)
    g_tAD                                    0x20005c7e   Data        4102  ad7606.o(.bss)
    mid_cache                                0x20006c84   Data         500  medfilt1.o(.bss)
    S                                        0x20007000   Data          12  fir_48.o(.bss)
    __initial_sp                             0x20007410   Data           0  startup_stm32f407xx.o(STACK)



==============================================================================

Memory Map of the image

  Image Entry point : 0x08000189

  Load Region LR_IROM1 (Base: 0x08000000, Size: 0x000064d8, Max: 0x00100000, ABSOLUTE)

    Execution Region ER_IROM1 (Exec base: 0x08000000, Load base: 0x08000000, Size: 0x000063dc, Max: 0x00100000, ABSOLUTE)

    Exec Addr    Load Addr    Size         Type   Attr      Idx    E Section Name        Object

    0x08000000   0x08000000   0x00000188   Data   RO            3    RESET               startup_stm32f407xx.o
    0x08000188   0x08000188   0x00000000   Code   RO         4564  * .ARM.Collect$$$$00000000  mc_w.l(entry.o)
    0x08000188   0x08000188   0x00000004   Code   RO         4848    .ARM.Collect$$$$00000001  mc_w.l(entry2.o)
    0x0800018c   0x0800018c   0x00000004   Code   RO         4851    .ARM.Collect$$$$00000004  mc_w.l(entry5.o)
    0x08000190   0x08000190   0x00000000   Code   RO         4853    .ARM.Collect$$$$00000008  mc_w.l(entry7b.o)
    0x08000190   0x08000190   0x00000000   Code   RO         4855    .ARM.Collect$$$$0000000A  mc_w.l(entry8b.o)
    0x08000190   0x08000190   0x00000008   Code   RO         4856    .ARM.Collect$$$$0000000B  mc_w.l(entry9a.o)
    0x08000198   0x08000198   0x00000000   Code   RO         4858    .ARM.Collect$$$$0000000D  mc_w.l(entry10a.o)
    0x08000198   0x08000198   0x00000000   Code   RO         4860    .ARM.Collect$$$$0000000F  mc_w.l(entry11a.o)
    0x08000198   0x08000198   0x00000004   Code   RO         4849    .ARM.Collect$$$$00002712  mc_w.l(entry2.o)
    0x0800019c   0x0800019c   0x00000024   Code   RO            4    .text               startup_stm32f407xx.o
    0x080001c0   0x080001c0   0x00000532   Code   RO         4389    .text               arm_cortexM4lf_math.lib(arm_fir_f32.o)
    0x080006f2   0x080006f2   0x0000001c   Code   RO         4435    .text               arm_cortexM4lf_math.lib(arm_fir_init_f32.o)
    0x0800070e   0x0800070e   0x00000002   PAD
    0x08000710   0x08000710   0x000000d8   Code   RO         4459    .text               arm_cortexM4lf_math.lib(arm_max_f32.o)
    0x080007e8   0x080007e8   0x0000009a   Code   RO         4483    .text               arm_cortexM4lf_math.lib(arm_max_q31.o)
    0x08000882   0x08000882   0x00000002   PAD
    0x08000884   0x08000884   0x000000d8   Code   RO         4507    .text               arm_cortexM4lf_math.lib(arm_min_f32.o)
    0x0800095c   0x0800095c   0x00000084   Code   RO         4531    .text               arm_cortexM4lf_math.lib(arm_copy_f32.o)
    0x080009e0   0x080009e0   0x00000062   Code   RO         4567    .text               mc_w.l(uldiv.o)
    0x08000a42   0x08000a42   0x00000024   Code   RO         4569    .text               mc_w.l(memseta.o)
    0x08000a66   0x08000a66   0x0000014e   Code   RO         4832    .text               mf_w.l(dadd.o)
    0x08000bb4   0x08000bb4   0x000000e4   Code   RO         4834    .text               mf_w.l(dmul.o)
    0x08000c98   0x08000c98   0x000000de   Code   RO         4836    .text               mf_w.l(ddiv.o)
    0x08000d76   0x08000d76   0x00000022   Code   RO         4838    .text               mf_w.l(dflti.o)
    0x08000d98   0x08000d98   0x0000003e   Code   RO         4840    .text               mf_w.l(dfixi.o)
    0x08000dd6   0x08000dd6   0x00000026   Code   RO         4842    .text               mf_w.l(f2d.o)
    0x08000dfc   0x08000dfc   0x00000030   Code   RO         4844    .text               mf_w.l(cdrcmple.o)
    0x08000e2c   0x08000e2c   0x00000038   Code   RO         4846    .text               mf_w.l(d2f.o)
    0x08000e64   0x08000e64   0x0000002c   Code   RO         4863    .text               mc_w.l(uidiv.o)
    0x08000e90   0x08000e90   0x0000001e   Code   RO         4865    .text               mc_w.l(llshl.o)
    0x08000eae   0x08000eae   0x00000020   Code   RO         4867    .text               mc_w.l(llushr.o)
    0x08000ece   0x08000ece   0x00000024   Code   RO         4869    .text               mc_w.l(llsshr.o)
    0x08000ef2   0x08000ef2   0x00000000   Code   RO         4878    .text               mc_w.l(iusefp.o)
    0x08000ef2   0x08000ef2   0x0000006e   Code   RO         4879    .text               mf_w.l(fepilogue.o)
    0x08000f60   0x08000f60   0x000000ba   Code   RO         4881    .text               mf_w.l(depilogue.o)
    0x0800101a   0x0800101a   0x000000a2   Code   RO         4883    .text               mf_w.l(dsqrt.o)
    0x080010bc   0x080010bc   0x00000030   Code   RO         4885    .text               mf_w.l(dfixul.o)
    0x080010ec   0x080010ec   0x00000024   Code   RO         4889    .text               mc_w.l(init.o)
    0x08001110   0x08001110   0x0000001c   Code   RO         3837    i.ADS1292_Init      ad1292.o
    0x0800112c   0x0800112c   0x00000028   Code   RO         3838    i.ADS1292_Noise_Test  ad1292.o
    0x08001154   0x08001154   0x0000006c   Code   RO         3839    i.ADS1292_PowerOnInit  ad1292.o
    0x080011c0   0x080011c0   0x00000030   Code   RO         3840    i.ADS1292_Read_Data  ad1292.o
    0x080011f0   0x080011f0   0x00000108   Code   RO         3841    i.ADS1292_SET_REGBUFF  ad1292.o
    0x080012f8   0x080012f8   0x00000004   Code   RO         3842    i.ADS1292_SPI       ad1292.o
    0x080012fc   0x080012fc   0x0000002c   Code   RO         3843    i.ADS1292_Send_CMD  ad1292.o
    0x08001328   0x08001328   0x00000028   Code   RO         3844    i.ADS1292_Single_Read  ad1292.o
    0x08001350   0x08001350   0x0000002c   Code   RO         3845    i.ADS1292_Single_Test  ad1292.o
    0x0800137c   0x0800137c   0x000000d0   Code   RO         3846    i.ADS1292_WRITE_REGBUFF  ad1292.o
    0x0800144c   0x0800144c   0x0000007c   Code   RO         3847    i.ADS1292_WR_REGS   ad1292.o
    0x080014c8   0x080014c8   0x00000064   Code   RO         3848    i.ADS1292_val_init  ad1292.o
    0x0800152c   0x0800152c   0x00000002   Code   RO          485    i.BusFault_Handler  stm32f4xx_it.o
    0x0800152e   0x0800152e   0x00000002   PAD
    0x08001530   0x08001530   0x0000000c   Code   RO          486    i.DMA2_Stream7_IRQHandler  stm32f4xx_it.o
    0x0800153c   0x0800153c   0x00000028   Code   RO         1537    i.DMA_CalcBaseAndBitshift  stm32f4xx_hal_dma.o
    0x08001564   0x08001564   0x00000054   Code   RO         1538    i.DMA_CheckFifoParam  stm32f4xx_hal_dma.o
    0x080015b8   0x080015b8   0x00000002   Code   RO          487    i.DebugMon_Handler  stm32f4xx_it.o
    0x080015ba   0x080015ba   0x00000008   Code   RO          488    i.EXTI9_5_IRQHandler  stm32f4xx_it.o
    0x080015c2   0x080015c2   0x00000002   Code   RO           13    i.Error_Handler     main.o
    0x080015c4   0x080015c4   0x00000074   Code   RO         3849    i.Get_val_init_data  ad1292.o
    0x08001638   0x08001638   0x00000024   Code   RO         1541    i.HAL_DMA_Abort_IT  stm32f4xx_hal_dma.o
    0x0800165c   0x0800165c   0x00000006   Code   RO         1544    i.HAL_DMA_GetState  stm32f4xx_hal_dma.o
    0x08001662   0x08001662   0x00000002   PAD
    0x08001664   0x08001664   0x000001a0   Code   RO         1545    i.HAL_DMA_IRQHandler  stm32f4xx_hal_dma.o
    0x08001804   0x08001804   0x000000d4   Code   RO         1546    i.HAL_DMA_Init      stm32f4xx_hal_dma.o
    0x080018d8   0x080018d8   0x00000024   Code   RO         1959    i.HAL_Delay         stm32f4xx_hal.o
    0x080018fc   0x080018fc   0x0000001c   Code   RO           14    i.HAL_GPIO_EXTI_Callback  main.o
    0x08001918   0x08001918   0x00000018   Code   RO         1432    i.HAL_GPIO_EXTI_IRQHandler  stm32f4xx_hal_gpio.o
    0x08001930   0x08001930   0x000001b8   Code   RO         1433    i.HAL_GPIO_Init     stm32f4xx_hal_gpio.o
    0x08001ae8   0x08001ae8   0x0000000a   Code   RO         1435    i.HAL_GPIO_ReadPin  stm32f4xx_hal_gpio.o
    0x08001af2   0x08001af2   0x0000000a   Code   RO         1437    i.HAL_GPIO_WritePin  stm32f4xx_hal_gpio.o
    0x08001afc   0x08001afc   0x0000000c   Code   RO         1965    i.HAL_GetTick       stm32f4xx_hal.o
    0x08001b08   0x08001b08   0x00000002   Code   RO          633    i.HAL_I2C_AbortCpltCallback  stm32f4xx_hal_i2c.o
    0x08001b0a   0x08001b0a   0x00000002   Code   RO          634    i.HAL_I2C_AddrCallback  stm32f4xx_hal_i2c.o
    0x08001b0c   0x08001b0c   0x000000ba   Code   RO          637    i.HAL_I2C_ER_IRQHandler  stm32f4xx_hal_i2c.o
    0x08001bc6   0x08001bc6   0x0000025a   Code   RO          638    i.HAL_I2C_EV_IRQHandler  stm32f4xx_hal_i2c.o
    0x08001e20   0x08001e20   0x00000002   Code   RO          640    i.HAL_I2C_ErrorCallback  stm32f4xx_hal_i2c.o
    0x08001e22   0x08001e22   0x00000002   PAD
    0x08001e24   0x08001e24   0x00000188   Code   RO          644    i.HAL_I2C_Init      stm32f4xx_hal_i2c.o
    0x08001fac   0x08001fac   0x00000002   Code   RO          646    i.HAL_I2C_ListenCpltCallback  stm32f4xx_hal_i2c.o
    0x08001fae   0x08001fae   0x00000002   Code   RO          647    i.HAL_I2C_MasterRxCpltCallback  stm32f4xx_hal_i2c.o
    0x08001fb0   0x08001fb0   0x00000002   Code   RO          648    i.HAL_I2C_MasterTxCpltCallback  stm32f4xx_hal_i2c.o
    0x08001fb2   0x08001fb2   0x00000002   Code   RO          660    i.HAL_I2C_MemRxCpltCallback  stm32f4xx_hal_i2c.o
    0x08001fb4   0x08001fb4   0x00000002   Code   RO          661    i.HAL_I2C_MemTxCpltCallback  stm32f4xx_hal_i2c.o
    0x08001fb6   0x08001fb6   0x00000002   PAD
    0x08001fb8   0x08001fb8   0x000001f8   Code   RO          662    i.HAL_I2C_Mem_Read  stm32f4xx_hal_i2c.o
    0x080021b0   0x080021b0   0x00000130   Code   RO          665    i.HAL_I2C_Mem_Write  stm32f4xx_hal_i2c.o
    0x080022e0   0x080022e0   0x00000088   Code   RO          306    i.HAL_I2C_MspInit   i2c.o
    0x08002368   0x08002368   0x00000002   Code   RO          670    i.HAL_I2C_SlaveRxCpltCallback  stm32f4xx_hal_i2c.o
    0x0800236a   0x0800236a   0x00000002   Code   RO          671    i.HAL_I2C_SlaveTxCpltCallback  stm32f4xx_hal_i2c.o
    0x0800236c   0x0800236c   0x00000010   Code   RO         1971    i.HAL_IncTick       stm32f4xx_hal.o
    0x0800237c   0x0800237c   0x00000034   Code   RO         1972    i.HAL_Init          stm32f4xx_hal.o
    0x080023b0   0x080023b0   0x00000040   Code   RO         1973    i.HAL_InitTick      stm32f4xx_hal.o
    0x080023f0   0x080023f0   0x00000030   Code   RO          609    i.HAL_MspInit       stm32f4xx_hal_msp.o
    0x08002420   0x08002420   0x0000001a   Code   RO         1820    i.HAL_NVIC_ClearPendingIRQ  stm32f4xx_hal_cortex.o
    0x0800243a   0x0800243a   0x00000022   Code   RO         1821    i.HAL_NVIC_DisableIRQ  stm32f4xx_hal_cortex.o
    0x0800245c   0x0800245c   0x0000001a   Code   RO         1822    i.HAL_NVIC_EnableIRQ  stm32f4xx_hal_cortex.o
    0x08002476   0x08002476   0x00000002   PAD
    0x08002478   0x08002478   0x00000040   Code   RO         1828    i.HAL_NVIC_SetPriority  stm32f4xx_hal_cortex.o
    0x080024b8   0x080024b8   0x00000024   Code   RO         1829    i.HAL_NVIC_SetPriorityGrouping  stm32f4xx_hal_cortex.o
    0x080024dc   0x080024dc   0x00000134   Code   RO         1079    i.HAL_RCC_ClockConfig  stm32f4xx_hal_rcc.o
    0x08002610   0x08002610   0x00000020   Code   RO         1086    i.HAL_RCC_GetPCLK1Freq  stm32f4xx_hal_rcc.o
    0x08002630   0x08002630   0x00000020   Code   RO         1087    i.HAL_RCC_GetPCLK2Freq  stm32f4xx_hal_rcc.o
    0x08002650   0x08002650   0x00000060   Code   RO         1088    i.HAL_RCC_GetSysClockFreq  stm32f4xx_hal_rcc.o
    0x080026b0   0x080026b0   0x0000035c   Code   RO         1091    i.HAL_RCC_OscConfig  stm32f4xx_hal_rcc.o
    0x08002a0c   0x08002a0c   0x00000080   Code   RO         2234    i.HAL_SPI_Init      stm32f4xx_hal_spi.o
    0x08002a8c   0x08002a8c   0x00000090   Code   RO          348    i.HAL_SPI_MspInit   spi.o
    0x08002b1c   0x08002b1c   0x000001e2   Code   RO         2243    i.HAL_SPI_TransmitReceive  stm32f4xx_hal_spi.o
    0x08002cfe   0x08002cfe   0x00000028   Code   RO         1833    i.HAL_SYSTICK_Config  stm32f4xx_hal_cortex.o
    0x08002d26   0x08002d26   0x00000002   Code   RO         3222    i.HAL_TIMEx_BreakCallback  stm32f4xx_hal_tim_ex.o
    0x08002d28   0x08002d28   0x00000002   Code   RO         3223    i.HAL_TIMEx_CommutCallback  stm32f4xx_hal_tim_ex.o
    0x08002d2a   0x08002d2a   0x00000002   PAD
    0x08002d2c   0x08002d2c   0x00000090   Code   RO         3240    i.HAL_TIMEx_MasterConfigSynchronization  stm32f4xx_hal_tim_ex.o
    0x08002dbc   0x08002dbc   0x00000036   Code   RO         2547    i.HAL_TIM_Base_Init  stm32f4xx_hal_tim.o
    0x08002df2   0x08002df2   0x00000002   PAD
    0x08002df4   0x08002df4   0x0000008c   Code   RO          390    i.HAL_TIM_Base_MspInit  tim.o
    0x08002e80   0x08002e80   0x00000022   Code   RO         2552    i.HAL_TIM_Base_Start_IT  stm32f4xx_hal_tim.o
    0x08002ea2   0x08002ea2   0x000000d6   Code   RO         2556    i.HAL_TIM_ConfigClockSource  stm32f4xx_hal_tim.o
    0x08002f78   0x08002f78   0x00000002   Code   RO         2576    i.HAL_TIM_IC_CaptureCallback  stm32f4xx_hal_tim.o
    0x08002f7a   0x08002f7a   0x00000166   Code   RO         2590    i.HAL_TIM_IRQHandler  stm32f4xx_hal_tim.o
    0x080030e0   0x080030e0   0x00000002   Code   RO         2593    i.HAL_TIM_OC_DelayElapsedCallback  stm32f4xx_hal_tim.o
    0x080030e2   0x080030e2   0x00000002   Code   RO         2620    i.HAL_TIM_PWM_PulseFinishedCallback  stm32f4xx_hal_tim.o
    0x080030e4   0x080030e4   0x0000026c   Code   RO           15    i.HAL_TIM_PeriodElapsedCallback  main.o
    0x08003350   0x08003350   0x00000002   Code   RO         2633    i.HAL_TIM_TriggerCallback  stm32f4xx_hal_tim.o
    0x08003352   0x08003352   0x00000002   Code   RO         3494    i.HAL_UART_ErrorCallback  stm32f4xx_hal_uart.o
    0x08003354   0x08003354   0x00000114   Code   RO         3497    i.HAL_UART_IRQHandler  stm32f4xx_hal_uart.o
    0x08003468   0x08003468   0x00000062   Code   RO         3498    i.HAL_UART_Init     stm32f4xx_hal_uart.o
    0x080034ca   0x080034ca   0x00000002   PAD
    0x080034cc   0x080034cc   0x000000b4   Code   RO          444    i.HAL_UART_MspInit  usart.o
    0x08003580   0x08003580   0x00000002   Code   RO         3504    i.HAL_UART_RxCpltCallback  stm32f4xx_hal_uart.o
    0x08003582   0x08003582   0x000000ba   Code   RO         3506    i.HAL_UART_Transmit  stm32f4xx_hal_uart.o
    0x0800363c   0x0800363c   0x00000002   Code   RO         3509    i.HAL_UART_TxCpltCallback  stm32f4xx_hal_uart.o
    0x0800363e   0x0800363e   0x00000002   Code   RO          489    i.HardFault_Handler  stm32f4xx_it.o
    0x08003640   0x08003640   0x0000000c   Code   RO          490    i.I2C1_ER_IRQHandler  stm32f4xx_it.o
    0x0800364c   0x0800364c   0x0000000c   Code   RO          491    i.I2C1_EV_IRQHandler  stm32f4xx_it.o
    0x08003658   0x08003658   0x00000086   Code   RO          682    i.I2C_DMAAbort      stm32f4xx_hal_i2c.o
    0x080036de   0x080036de   0x00000002   PAD
    0x080036e0   0x080036e0   0x00000154   Code   RO          685    i.I2C_ITError       stm32f4xx_hal_i2c.o
    0x08003834   0x08003834   0x0000002e   Code   RO          686    i.I2C_IsAcknowledgeFailed  stm32f4xx_hal_i2c.o
    0x08003862   0x08003862   0x000000d2   Code   RO          687    i.I2C_MasterReceive_BTF  stm32f4xx_hal_i2c.o
    0x08003934   0x08003934   0x00000092   Code   RO          688    i.I2C_MasterReceive_RXNE  stm32f4xx_hal_i2c.o
    0x080039c6   0x080039c6   0x00000002   PAD
    0x080039c8   0x080039c8   0x00000092   Code   RO          691    i.I2C_MasterTransmit_BTF  stm32f4xx_hal_i2c.o
    0x08003a5a   0x08003a5a   0x00000002   PAD
    0x08003a5c   0x08003a5c   0x000000b6   Code   RO          692    i.I2C_MasterTransmit_TXE  stm32f4xx_hal_i2c.o
    0x08003b12   0x08003b12   0x00000002   PAD
    0x08003b14   0x08003b14   0x00000118   Code   RO          693    i.I2C_Master_ADDR   stm32f4xx_hal_i2c.o
    0x08003c2c   0x08003c2c   0x0000008c   Code   RO          694    i.I2C_Master_SB     stm32f4xx_hal_i2c.o
    0x08003cb8   0x08003cb8   0x0000006c   Code   RO          695    i.I2C_MemoryTransmit_TXE_BTF  stm32f4xx_hal_i2c.o
    0x08003d24   0x08003d24   0x000000fc   Code   RO          696    i.I2C_RequestMemoryRead  stm32f4xx_hal_i2c.o
    0x08003e20   0x08003e20   0x000000a8   Code   RO          697    i.I2C_RequestMemoryWrite  stm32f4xx_hal_i2c.o
    0x08003ec8   0x08003ec8   0x00000084   Code   RO          698    i.I2C_Slave_AF      stm32f4xx_hal_i2c.o
    0x08003f4c   0x08003f4c   0x0000015c   Code   RO          699    i.I2C_Slave_STOPF   stm32f4xx_hal_i2c.o
    0x080040a8   0x080040a8   0x0000004c   Code   RO          700    i.I2C_WaitOnBTFFlagUntilTimeout  stm32f4xx_hal_i2c.o
    0x080040f4   0x080040f4   0x00000068   Code   RO          701    i.I2C_WaitOnFlagUntilTimeout  stm32f4xx_hal_i2c.o
    0x0800415c   0x0800415c   0x00000096   Code   RO          702    i.I2C_WaitOnMasterAddressFlagUntilTimeout  stm32f4xx_hal_i2c.o
    0x080041f2   0x080041f2   0x00000066   Code   RO          703    i.I2C_WaitOnRXNEFlagUntilTimeout  stm32f4xx_hal_i2c.o
    0x08004258   0x08004258   0x0000004c   Code   RO          704    i.I2C_WaitOnTXEFlagUntilTimeout  stm32f4xx_hal_i2c.o
    0x080042a4   0x080042a4   0x00000030   Code   RO         3960    i.MPU_Get_Accelerometer  mpu6050.o
    0x080042d4   0x080042d4   0x00000078   Code   RO         3963    i.MPU_Init          mpu6050.o
    0x0800434c   0x0800434c   0x0000002c   Code   RO         3964    i.MPU_Read_Byte     mpu6050.o
    0x08004378   0x08004378   0x00000020   Code   RO         3965    i.MPU_Read_Len      mpu6050.o
    0x08004398   0x08004398   0x0000000a   Code   RO         3966    i.MPU_Set_Accel_Fsr  mpu6050.o
    0x080043a2   0x080043a2   0x0000000a   Code   RO         3967    i.MPU_Set_Gyro_Fsr  mpu6050.o
    0x080043ac   0x080043ac   0x00000030   Code   RO         3968    i.MPU_Set_LPF       mpu6050.o
    0x080043dc   0x080043dc   0x0000002e   Code   RO         3969    i.MPU_Set_Rate      mpu6050.o
    0x0800440a   0x0800440a   0x00000002   PAD
    0x0800440c   0x0800440c   0x00000030   Code   RO         3970    i.MPU_Write_Byte    mpu6050.o
    0x0800443c   0x0800443c   0x0000002c   Code   RO          281    i.MX_DMA_Init       dma.o
    0x08004468   0x08004468   0x00000160   Code   RO          257    i.MX_GPIO_Init      gpio.o
    0x080045c8   0x080045c8   0x00000040   Code   RO          307    i.MX_I2C1_Init      i2c.o
    0x08004608   0x08004608   0x00000048   Code   RO          349    i.MX_SPI2_Init      spi.o
    0x08004650   0x08004650   0x0000006c   Code   RO          391    i.MX_TIM3_Init      tim.o
    0x080046bc   0x080046bc   0x00000094   Code   RO          392    i.MX_TIM4_Init      tim.o
    0x08004750   0x08004750   0x00000068   Code   RO          393    i.MX_TIM5_Init      tim.o
    0x080047b8   0x080047b8   0x00000038   Code   RO          445    i.MX_USART1_UART_Init  usart.o
    0x080047f0   0x080047f0   0x00000002   Code   RO          492    i.MemManage_Handler  stm32f4xx_it.o
    0x080047f2   0x080047f2   0x00000002   Code   RO          493    i.NMI_Handler       stm32f4xx_it.o
    0x080047f4   0x080047f4   0x00000020   Code   RO         3850    i.PA8_IRQHandler    ad1292.o
    0x08004814   0x08004814   0x00000002   Code   RO          494    i.PendSV_Handler    stm32f4xx_it.o
    0x08004816   0x08004816   0x00000002   PAD
    0x08004818   0x08004818   0x00000020   Code   RO         3851    i.SPI2_ReadWriteByte  ad1292.o
    0x08004838   0x08004838   0x00000058   Code   RO         2272    i.SPI_EndRxTxTransaction  stm32f4xx_hal_spi.o
    0x08004890   0x08004890   0x0000003c   Code   RO         4047    i.SPI_ReceiveData   ad7606.o
    0x080048cc   0x080048cc   0x00000094   Code   RO         2277    i.SPI_WaitFlagStateUntilTimeout  stm32f4xx_hal_spi.o
    0x08004960   0x08004960   0x00000002   Code   RO          495    i.SVC_Handler       stm32f4xx_it.o
    0x08004962   0x08004962   0x0000004a   Code   RO         3852    i.Set_ADS1292_Collect  ad1292.o
    0x080049ac   0x080049ac   0x00000004   Code   RO          496    i.SysTick_Handler   stm32f4xx_it.o
    0x080049b0   0x080049b0   0x00000084   Code   RO           16    i.SystemClock_Config  main.o
    0x08004a34   0x08004a34   0x0000001c   Code   RO         3800    i.SystemInit        system_stm32f4xx.o
    0x08004a50   0x08004a50   0x0000000c   Code   RO          497    i.TIM3_IRQHandler   stm32f4xx_it.o
    0x08004a5c   0x08004a5c   0x0000000c   Code   RO          498    i.TIM4_IRQHandler   stm32f4xx_it.o
    0x08004a68   0x08004a68   0x0000000c   Code   RO          499    i.TIM5_IRQHandler   stm32f4xx_it.o
    0x08004a74   0x08004a74   0x000000c8   Code   RO         2635    i.TIM_Base_SetConfig  stm32f4xx_hal_tim.o
    0x08004b3c   0x08004b3c   0x00000014   Code   RO         2646    i.TIM_ETR_SetConfig  stm32f4xx_hal_tim.o
    0x08004b50   0x08004b50   0x00000010   Code   RO         2647    i.TIM_ITRx_SetConfig  stm32f4xx_hal_tim.o
    0x08004b60   0x08004b60   0x00000022   Code   RO         2653    i.TIM_TI1_ConfigInputStage  stm32f4xx_hal_tim.o
    0x08004b82   0x08004b82   0x00000024   Code   RO         2655    i.TIM_TI2_ConfigInputStage  stm32f4xx_hal_tim.o
    0x08004ba6   0x08004ba6   0x00000010   Code   RO         3511    i.UART_DMAAbortOnError  stm32f4xx_hal_uart.o
    0x08004bb6   0x08004bb6   0x0000001c   Code   RO         3521    i.UART_EndRxTransfer  stm32f4xx_hal_uart.o
    0x08004bd2   0x08004bd2   0x00000096   Code   RO         3523    i.UART_Receive_IT   stm32f4xx_hal_uart.o
    0x08004c68   0x08004c68   0x00000128   Code   RO         3524    i.UART_SetConfig    stm32f4xx_hal_uart.o
    0x08004d90   0x08004d90   0x00000062   Code   RO         3525    i.UART_Transmit_IT  stm32f4xx_hal_uart.o
    0x08004df2   0x08004df2   0x00000064   Code   RO         3526    i.UART_WaitOnFlagUntilTimeout  stm32f4xx_hal_uart.o
    0x08004e56   0x08004e56   0x00000002   PAD
    0x08004e58   0x08004e58   0x0000000c   Code   RO          500    i.USART1_IRQHandler  stm32f4xx_it.o
    0x08004e64   0x08004e64   0x00000002   Code   RO          501    i.UsageFault_Handler  stm32f4xx_it.o
    0x08004e66   0x08004e66   0x00000002   PAD
    0x08004e68   0x08004e68   0x00000020   Code   RO         4804    i.__0printf         mc_w.l(printfa.o)
    0x08004e88   0x08004e88   0x00000020   Code   RO         1835    i.__NVIC_SetPriority  stm32f4xx_hal_cortex.o
    0x08004ea8   0x08004ea8   0x0000007a   Code   RO         4552    i.__hardfp_sqrt     m_wm.l(sqrt_full.o)
    0x08004f22   0x08004f22   0x0000000e   Code   RO         4893    i.__scatterload_copy  mc_w.l(handlers.o)
    0x08004f30   0x08004f30   0x00000002   Code   RO         4894    i.__scatterload_null  mc_w.l(handlers.o)
    0x08004f32   0x08004f32   0x0000000e   Code   RO         4895    i.__scatterload_zeroinit  mc_w.l(handlers.o)
    0x08004f40   0x08004f40   0x0000000c   Code   RO         4873    i.__set_errno       mc_w.l(errno.o)
    0x08004f4c   0x08004f4c   0x00000184   Code   RO         4811    i._fp_digits        mc_w.l(printfa.o)
    0x080050d0   0x080050d0   0x000006dc   Code   RO         4812    i._printf_core      mc_w.l(printfa.o)
    0x080057ac   0x080057ac   0x00000024   Code   RO         4813    i._printf_post_padding  mc_w.l(printfa.o)
    0x080057d0   0x080057d0   0x0000002e   Code   RO         4814    i._printf_pre_padding  mc_w.l(printfa.o)
    0x080057fe   0x080057fe   0x00000002   PAD
    0x08005800   0x08005800   0x00000048   Code   RO         4049    i.ad7606_IRQSrc     ad7606.o
    0x08005848   0x08005848   0x00000004   Code   RO         4050    i.ad7606_ReadBytes  ad7606.o
    0x0800584c   0x0800584c   0x0000001c   Code   RO         4051    i.ad7606_Reset      ad7606.o
    0x08005868   0x08005868   0x00000058   Code   RO         4052    i.ad7606_SetOS      ad7606.o
    0x080058c0   0x080058c0   0x00000024   Code   RO         4053    i.ad7606_StartConv  ad7606.o
    0x080058e4   0x080058e4   0x00000028   Code   RO         4054    i.ad7606_StartRecord  ad7606.o
    0x0800590c   0x0800590c   0x0000001c   Code   RO         4056    i.ad7606_init       ad7606.o
    0x08005928   0x08005928   0x00000024   Code   RO         4340    i.arm_fir48_init    fir_48.o
    0x0800594c   0x0800594c   0x00000018   Code   RO         4342    i.arm_fir_f32_lp_48  fir_48.o
    0x08005964   0x08005964   0x00000190   Code   RO         4302    i.bpm_calculate     bpm.o
    0x08005af4   0x08005af4   0x0000004c   Code   RO         4158    i.delay_us          delay.o
    0x08005b40   0x08005b40   0x0000013c   Code   RO         4303    i.find_bad_bpm      bpm.o
    0x08005c7c   0x08005c7c   0x00000018   Code   RO         1980    i.fputc             stm32f4xx_hal.o
    0x08005c94   0x08005c94   0x00000006   Code   RO         3853    i.get_volt          ad1292.o
    0x08005c9a   0x08005c9a   0x00000002   PAD
    0x08005c9c   0x08005c9c   0x00000388   Code   RO           17    i.main              main.o
    0x08006024   0x08006024   0x00000030   Code   RO         4227    i.maxim_find_peaks  findpeaks.o
    0x08006054   0x08006054   0x0000006a   Code   RO         4228    i.maxim_peaks_above_min_height  findpeaks.o
    0x080060be   0x080060be   0x00000062   Code   RO         4229    i.maxim_remove_close_peaks  findpeaks.o
    0x08006120   0x08006120   0x00000040   Code   RO         4230    i.maxim_sort_ascend  findpeaks.o
    0x08006160   0x08006160   0x0000003a   Code   RO         4231    i.maxim_sort_indices_descend  findpeaks.o
    0x0800619a   0x0800619a   0x00000002   PAD
    0x0800619c   0x0800619c   0x0000004c   Code   RO         4275    i.midfilt1          medfilt1.o
    0x080061e8   0x080061e8   0x00000018   Code   RO         4184    i.send_ending_flag  usart_hmi.o
    0x08006200   0x08006200   0x00000064   Code   RO         4304    i.two_num           bpm.o
    0x08006264   0x08006264   0x00000008   Data   RO         1552    .constdata          stm32f4xx_hal_dma.o
    0x0800626c   0x0800626c   0x00000010   Data   RO         3801    .constdata          system_stm32f4xx.o
    0x0800627c   0x0800627c   0x00000008   Data   RO         3802    .constdata          system_stm32f4xx.o
    0x08006284   0x08006284   0x00000138   Data   RO         4346    .constdata          fir_48.o
    0x080063bc   0x080063bc   0x00000020   Data   RO         4891    Region$$Table       anon$$obj.o


    Execution Region RW_IRAM2 (Exec base: 0x10000000, Load base: 0x080064d8, Size: 0x00000000, Max: 0x00010000, ABSOLUTE)

    **** No section assigned to this execution region ****


    Execution Region RW_IRAM1 (Exec base: 0x20000000, Load base: 0x080063dc, Size: 0x00007410, Max: 0x00020000, ABSOLUTE)

    Exec Addr    Load Addr    Size         Type   Attr      Idx    E Section Name        Object

    0x20000000   0x080063dc   0x0000008c   Data   RW           23    .data               main.o
    0x2000008c   0x08006468   0x0000000c   Data   RW         1981    .data               stm32f4xx_hal.o
    0x20000098   0x08006474   0x00000004   Data   RW         3803    .data               system_stm32f4xx.o
    0x2000009c   0x08006478   0x00000039   Data   RW         3855    .data               ad1292.o
    0x200000d5   0x080064b1   0x00000003   PAD
    0x200000d8   0x080064b4   0x00000008   Data   RW         4187    .data               usart_hmi.o
    0x200000e0   0x080064bc   0x00000010   Data   RW         4305    .data               bpm.o
    0x200000f0   0x080064cc   0x00000004   Data   RW         4348    .data               fir_48.o
    0x200000f4   0x080064d0   0x00000004   Data   RW         4862    .data               mc_w.l(stdout.o)
    0x200000f8   0x080064d4   0x00000004   Data   RW         4874    .data               mc_w.l(errno.o)
    0x200000fc        -       0x00005960   Zero   RW           18    .bss                main.o
    0x20005a5c        -       0x00000054   Zero   RW          308    .bss                i2c.o
    0x20005ab0        -       0x00000058   Zero   RW          350    .bss                spi.o
    0x20005b08        -       0x000000c0   Zero   RW          394    .bss                tim.o
    0x20005bc8        -       0x000000a0   Zero   RW          446    .bss                usart.o
    0x20005c68        -       0x00000015   Zero   RW         3854    .bss                ad1292.o
    0x20005c7d   0x080064d8   0x00000001   PAD
    0x20005c7e        -       0x00001006   Zero   RW         4057    .bss                ad7606.o
    0x20006c84        -       0x000001f4   Zero   RW         4276    .bss                medfilt1.o
    0x20006e78        -       0x00000194   Zero   RW         4344    .bss                fir_48.o
    0x2000700c   0x080064d8   0x00000004   PAD
    0x20007010        -       0x00000400   Zero   RW            1    STACK               startup_stm32f407xx.o


==============================================================================

Image component sizes


      Code (inc. data)   RO Data    RW Data    ZI Data      Debug   Object Name

      1312        184          0         57         21      15398   ad1292.o
       356         46          0          0       4102       7567   ad7606.o
       816         58          0         16          0       3029   bpm.o
        76          6          0          0          0        715   delay.o
        44          4          0          0          0        754   dma.o
       374          0          0          0          0       4406   findpeaks.o
        60         22        312          4        404       1780   fir_48.o
       352         30          0          0          0       1099   gpio.o
       200         26          0          0         84       1661   i2c.o
      1686        190          0        140      22880     722676   main.o
        76          6          0          0        500       1315   medfilt1.o
       406         20          0          0          0       5811   mpu6050.o
       216         26          0          0         88       1697   spi.o
        36          8        392          0       1024        836   startup_stm32f407xx.o
       204         32          0         12          0      10066   stm32f4xx_hal.o
       258         14          0          0          0      35344   stm32f4xx_hal_cortex.o
       794         16          8          0          0       5314   stm32f4xx_hal_dma.o
       484         52          0          0          0       3682   stm32f4xx_hal_gpio.o
      5148         80          0          0          0      31520   stm32f4xx_hal_i2c.o
        48          6          0          0          0        830   stm32f4xx_hal_msp.o
      1328         72          0          0          0       5228   stm32f4xx_hal_rcc.o
       846          8          0          0          0       4733   stm32f4xx_hal_spi.o
       974         44          0          0          0      10005   stm32f4xx_hal_tim.o
       148         28          0          0          0       2453   stm32f4xx_hal_tim_ex.o
      1254         16          0          0          0       9531   stm32f4xx_hal_uart.o
       112         42          0          0          0       7757   stm32f4xx_it.o
        28          6         24          4          0       1131   system_stm32f4xx.o
       500         54          0          0        192       3200   tim.o
       236         28          0          0        160       1757   usart.o
        24         10          0          8          0       1757   usart_hmi.o

    ----------------------------------------------------------------------
     18432       1134        768        244      29460     903052   Object Totals
         0          0         32          0          0          0   (incl. Generated)
        36          0          0          3          5          0   (incl. Padding)

    ----------------------------------------------------------------------

      Code (inc. data)   RO Data    RW Data    ZI Data      Debug   Library Member Name

       132          0          0          0          0        903   arm_copy_f32.o
      1330          6          0          0          0      20102   arm_fir_f32.o
        28          0          0          0          0       1107   arm_fir_init_f32.o
       216          0          0          0          0       1742   arm_max_f32.o
       154          0          0          0          0       1686   arm_max_q31.o
       216          0          0          0          0       1742   arm_min_f32.o
       122          0          0          0          0        148   sqrt_full.o
         0          0          0          0          0          0   entry.o
         0          0          0          0          0          0   entry10a.o
         0          0          0          0          0          0   entry11a.o
         8          4          0          0          0          0   entry2.o
         4          0          0          0          0          0   entry5.o
         0          0          0          0          0          0   entry7b.o
         0          0          0          0          0          0   entry8b.o
         8          4          0          0          0          0   entry9a.o
        12          6          0          4          0         68   errno.o
        30          0          0          0          0          0   handlers.o
        36          8          0          0          0         68   init.o
         0          0          0          0          0          0   iusefp.o
        30          0          0          0          0         68   llshl.o
        36          0          0          0          0         68   llsshr.o
        32          0          0          0          0         68   llushr.o
        36          0          0          0          0        108   memseta.o
      2258         90          0          0          0        452   printfa.o
         0          0          0          4          0          0   stdout.o
        44          0          0          0          0         80   uidiv.o
        98          0          0          0          0         92   uldiv.o
        48          0          0          0          0         68   cdrcmple.o
        56          0          0          0          0         88   d2f.o
       334          0          0          0          0        148   dadd.o
       222          0          0          0          0        100   ddiv.o
       186          0          0          0          0        176   depilogue.o
        62          0          0          0          0         80   dfixi.o
        48          0          0          0          0         68   dfixul.o
        34          0          0          0          0         76   dflti.o
       228          0          0          0          0         96   dmul.o
       162          0          0          0          0        100   dsqrt.o
        38          0          0          0          0         68   f2d.o
       110          0          0          0          0        168   fepilogue.o

    ----------------------------------------------------------------------
      6364        118          0          8          0      29738   Library Totals
         6          0          0          0          0          0   (incl. Padding)

    ----------------------------------------------------------------------

      Code (inc. data)   RO Data    RW Data    ZI Data      Debug   Library Name

      2076          6          0          0          0      27282   arm_cortexM4lf_math.lib
       122          0          0          0          0        148   m_wm.l
      2632        112          0          8          0       1072   mc_w.l
      1528          0          0          0          0       1236   mf_w.l

    ----------------------------------------------------------------------
      6364        118          0          8          0      29738   Library Totals

    ----------------------------------------------------------------------

==============================================================================


      Code (inc. data)   RO Data    RW Data    ZI Data      Debug   

     24796       1252        768        252      29460     914650   Grand Totals
     24796       1252        768        252      29460     914650   ELF Image Totals
     24796       1252        768        252          0          0   ROM Totals

==============================================================================

    Total RO  Size (Code + RO Data)                25564 (  24.96kB)
    Total RW  Size (RW Data + ZI Data)             29712 (  29.02kB)
    Total ROM Size (Code + RO Data + RW Data)      25816 (  25.21kB)

==============================================================================

