<html>
<body>
<pre>
<h1>µVision Build Log</h1>
<h2>Tool Versions:</h2>
IDE-Version: ¦ÌVision V5.27.0.0
Copyright (C) 2018 ARM Ltd and ARM Germany GmbH. All rights reserved.
License Information: tre blade, asdas, LIC=YA39H-WRZ1P-KPTZY-I3GX4-H4EUW-2YS2Z
 
Tool Versions:
Toolchain:       MDK-ARM Plus  Version: 5.27.0.0
Toolchain Path:  D:\keil\ARM\ARMCC\Bin
C Compiler:      Armcc.exe V5.06 update 6 (build 750)
Assembler:       Armasm.exe V5.06 update 6 (build 750)
Linker/Locator:  ArmLink.exe V5.06 update 6 (build 750)
Library Manager: ArmAr.exe V5.06 update 6 (build 750)
Hex Converter:   FromElf.exe V5.06 update 6 (build 750)
CPU DLL:         SARMCM3.DLL V5.27.0.0
Dialog DLL:      DCM.DLL V1.17.2.0
Target DLL:      STLink\ST-LINKIII-KEIL_SWO.dll V3.0.5.0
Dialog DLL:      TCM.DLL V1.36.1.0
 
<h2>Project:</h2>
D:\github\TICUP_ALL\TICUP_ALL\AD1292\MDK-ARM\AD1292.uvprojx
Project File Date:  10/11/2020

<h2>Output:</h2>
*** Using Compiler 'V5.06 update 6 (build 750)', folder: 'D:\keil\ARM\ARMCC\Bin'
Rebuild target 'AD1292'
assembling startup_stm32f407xx.s...
compiling dma.c...
compiling stm32f4xx_it.c...
compiling stm32f4xx_hal_i2c_ex.c...
compiling usart.c...
compiling i2c.c...
compiling stm32f4xx_hal_msp.c...
compiling spi.c...
compiling gpio.c...
compiling tim.c...
compiling main.c...
compiling stm32f4xx_hal_i2c.c...
compiling stm32f4xx_hal_rcc_ex.c...
compiling stm32f4xx_hal_flash.c...
compiling stm32f4xx_hal_flash_ramfunc.c...
compiling stm32f4xx_hal_rcc.c...
compiling stm32f4xx_hal_gpio.c...
compiling stm32f4xx_hal_dma.c...
compiling stm32f4xx_hal_pwr_ex.c...
compiling stm32f4xx_hal_flash_ex.c...
compiling stm32f4xx_hal_dma_ex.c...
compiling stm32f4xx_hal_pwr.c...
compiling stm32f4xx_hal_cortex.c...
compiling stm32f4xx_hal_exti.c...
compiling AD1292.c...
..\HARDWARE\AD1292.c(332): warning:  #167-D: argument of type "volatile u8 *" is incompatible with parameter of type "u8 *"
    ADS1292_Read_Data(ads1292_Cache);
..\HARDWARE\AD1292.c: 1 warning, 0 errors
compiling stm32f4xx_hal.c...
compiling sys.c...
compiling system_stm32f4xx.c...
compiling mpu6050.c...
compiling stm32f4xx_hal_uart.c...
compiling ad7606.c...
compiling stm32f4xx_hal_tim_ex.c...
compiling stm32f4xx_hal_spi.c...
compiling stm32f4xx_hal_tim.c...
compiling delay.c...
compiling USART_HMI.c...
compiling medfilt1.c...
compiling findpeaks.c...
compiling bpm.c...
compiling FIR_48.c...
linking...
Program Size: Code=24204 RO-data=768 RW-data=220 ZI-data=28260  
FromELF: creating hex file...
"AD1292\AD1292.axf" - 0 Error(s), 1 Warning(s).

<h2>Software Packages used:</h2>

Package Vendor: ARM
                http://www.keil.com/pack/ARM.CMSIS.5.4.0.pack
                ARM.CMSIS.5.4.0
                CMSIS (Cortex Microcontroller Software Interface Standard)
   * Component: CORE Version: 5.1.2

Package Vendor: Keil
                http://www.keil.com/pack/Keil.STM32F4xx_DFP.2.13.0.pack
                Keil.STM32F4xx_DFP.2.13.0
                STMicroelectronics STM32F4 Series Device Support, Drivers and Examples

<h2>Collection of Component include folders:</h2>
  .\RTE\_AD1292
  D:\keil\ARM\PACK\ARM\CMSIS\5.4.0\CMSIS\Core\Include
  D:\keil\ARM\PACK\Keil\STM32F4xx_DFP\2.13.0\Drivers\CMSIS\Device\ST\STM32F4xx\Include

<h2>Collection of Component Files used:</h2>

   * Component: ARM::CMSIS:CORE:5.1.2
Build Time Elapsed:  00:00:10
</pre>
</body>
</html>
